Component: ARM Compiler 5.06 update 6 (build 750) Tool: armlink [4d35ed]

==============================================================================

Section Cross References

    main.o(i.main) refers to delay.o(i.Delay_Init) for Delay_Init
    main.o(i.main) refers to usart1.o(i.Usart1_Init) for Usart1_Init
    main.o(i.main) refers to usart2.o(i.Usart2_Init) for Usart2_Init
    main.o(i.main) refers to timer4.o(i.TIM4_Init) for TIM4_Init
    main.o(i.main) refers to led.o(i.LED_Init) for LED_Init
    main.o(i.main) refers to dht11.o(i.DHT11_Init) for DHT11_Init
    main.o(i.main) refers to oled.o(i.OLED_Init) for OLED_Init
    main.o(i.main) refers to oled.o(i.Display_Menu) for Display_Menu
    main.o(i.main) refers to wifi.o(i.WiFi_ResetIO_Init) for WiFi_ResetIO_Init
    main.o(i.main) refers to mqtt.o(i.IoT_Parameter_Init) for IoT_Parameter_Init
    main.o(i.main) refers to oled.o(i.OLED_ShowText) for OLED_ShowText
    main.o(i.main) refers to usart1.o(i.u1_printf) for u1_printf
    main.o(i.main) refers to stm32f10x_tim.o(i.TIM_Cmd) for TIM_Cmd
    main.o(i.main) refers to rt_memclr.o(.text) for __aeabi_memclr
    main.o(i.main) refers to wifi.o(i.WiFi_Connect_IoTServer) for WiFi_Connect_IoTServer
    main.o(i.main) refers to mqtt.o(i.MQTT_Buff_Init) for MQTT_Buff_Init
    main.o(i.main) refers to usart2.o(i.u2_TxData) for u2_TxData
    main.o(i.main) refers to timer3.o(i.TIM3_ENABLE_30S) for TIM3_ENABLE_30S
    main.o(i.main) refers to timer2.o(i.TIM2_ENABLE_10S) for TIM2_ENABLE_10S
    main.o(i.main) refers to mqtt.o(i.MQTT_DealPushdata_Qs0) for MQTT_DealPushdata_Qs0
    main.o(i.main) refers to strlen.o(.text) for strlen
    main.o(i.main) refers to memcmp.o(.text) for memcmp
    main.o(i.main) refers to led.o(i.LED_On) for LED_On
    main.o(i.main) refers to pushdata.o(i.Send_Data) for Send_Data
    main.o(i.main) refers to led.o(i.LED_Off) for LED_Off
    main.o(i.main) refers to mqtt.o(.data) for connectPackFlag
    main.o(i.main) refers to mqtt.o(.data) for connectFlag
    main.o(i.main) refers to usart2.o(.data) for Usart2_RxCounter
    main.o(i.main) refers to usart2.o(.bss) for Usart2_RxBuff
    main.o(i.main) refers to mqtt.o(.bss) for MQTT_TxDataBuf
    main.o(i.main) refers to main.o(.data) for .data
    main.o(.data) refers to main.o(.conststring) for .conststring
    stm32f10x_it.o(i.TIM2_IRQHandler) refers to stm32f10x_tim.o(i.TIM_GetITStatus) for TIM_GetITStatus
    stm32f10x_it.o(i.TIM2_IRQHandler) refers to pushdata.o(i.Send_Data) for Send_Data
    stm32f10x_it.o(i.TIM2_IRQHandler) refers to stm32f10x_tim.o(i.TIM_ClearITPendingBit) for TIM_ClearITPendingBit
    stm32f10x_it.o(i.TIM3_IRQHandler) refers to stm32f10x_tim.o(i.TIM_GetITStatus) for TIM_GetITStatus
    stm32f10x_it.o(i.TIM3_IRQHandler) refers to mqtt.o(i.MQTT_PingREQ) for MQTT_PingREQ
    stm32f10x_it.o(i.TIM3_IRQHandler) refers to timer3.o(i.TIM3_ENABLE_2S) for TIM3_ENABLE_2S
    stm32f10x_it.o(i.TIM3_IRQHandler) refers to stm32f10x_tim.o(i.TIM_Cmd) for TIM_Cmd
    stm32f10x_it.o(i.TIM3_IRQHandler) refers to stm32f10x_tim.o(i.TIM_ClearITPendingBit) for TIM_ClearITPendingBit
    stm32f10x_it.o(i.TIM3_IRQHandler) refers to mqtt.o(.data) for pingFlag
    stm32f10x_it.o(i.TIM3_IRQHandler) refers to mqtt.o(.data) for connectFlag
    stm32f10x_it.o(i.TIM4_IRQHandler) refers to stm32f10x_tim.o(i.TIM_GetITStatus) for TIM_GetITStatus
    stm32f10x_it.o(i.TIM4_IRQHandler) refers to rt_memcpy_v6.o(.text) for __aeabi_memcpy
    stm32f10x_it.o(i.TIM4_IRQHandler) refers to stm32f10x_tim.o(i.TIM_SetCounter) for TIM_SetCounter
    stm32f10x_it.o(i.TIM4_IRQHandler) refers to stm32f10x_tim.o(i.TIM_Cmd) for TIM_Cmd
    stm32f10x_it.o(i.TIM4_IRQHandler) refers to stm32f10x_tim.o(i.TIM_ClearITPendingBit) for TIM_ClearITPendingBit
    stm32f10x_it.o(i.TIM4_IRQHandler) refers to usart2.o(.data) for Usart2_RxCounter
    stm32f10x_it.o(i.TIM4_IRQHandler) refers to usart2.o(.bss) for Usart2_RxBuff
    stm32f10x_it.o(i.TIM4_IRQHandler) refers to mqtt.o(.data) for MQTT_RxDataInPtr
    stm32f10x_it.o(i.TIM4_IRQHandler) refers to mqtt.o(.bss) for MQTT_RxDataBuf
    stm32f10x_it.o(i.USART2_IRQHandler) refers to stm32f10x_usart.o(i.USART_GetITStatus) for USART_GetITStatus
    stm32f10x_it.o(i.USART2_IRQHandler) refers to stm32f10x_tim.o(i.TIM_SetCounter) for TIM_SetCounter
    stm32f10x_it.o(i.USART2_IRQHandler) refers to stm32f10x_tim.o(i.TIM_Cmd) for TIM_Cmd
    stm32f10x_it.o(i.USART2_IRQHandler) refers to mqtt.o(.data) for connectFlag
    stm32f10x_it.o(i.USART2_IRQHandler) refers to usart2.o(.bss) for Usart2_RxBuff
    stm32f10x_it.o(i.USART2_IRQHandler) refers to usart2.o(.data) for Usart2_RxCounter
    system_stm32f10x.o(i.SystemCoreClockUpdate) refers to system_stm32f10x.o(.data) for .data
    system_stm32f10x.o(i.SystemInit) refers to system_stm32f10x.o(i.SetSysClockTo72) for SetSysClockTo72
    startup_stm32f10x_md.o(STACK) refers (Special) to heapauxi.o(.text) for __use_two_region_memory
[...]
    i.DHT11_Read_Byte                        0x08001bd4   Section        0  dht11.o(i.DHT11_Read_Byte)
    i.DHT11_Read_Data                        0x08001bee   Section        0  dht11.o(i.DHT11_Read_Data)
    i.DHT11_Rst                              0x08001c44   Section        0  dht11.o(i.DHT11_Rst)
    i.DebugMon_Handler                       0x08001c80   Section        0  stm32f10x_it.o(i.DebugMon_Handler)
    i.DelayMs                                0x08001c84   Section        0  delay.o(i.DelayMs)
    i.DelayUs                                0x08001cb8   Section        0  delay.o(i.DelayUs)
    i.Delay_Init                             0x08001cec   Section        0  delay.o(i.Delay_Init)
    i.Display_Menu                           0x08001d28   Section        0  oled.o(i.Display_Menu)
    i.GPIO_Init                              0x08001da0   Section        0  stm32f10x_gpio.o(i.GPIO_Init)
    i.GPIO_ReadInputDataBit                  0x08001e3c   Section        0  stm32f10x_gpio.o(i.GPIO_ReadInputDataBit)
    i.GPIO_ReadOutputDataBit                 0x08001e4a   Section        0  stm32f10x_gpio.o(i.GPIO_ReadOutputDataBit)
    i.GPIO_ResetBits                         0x08001e58   Section        0  stm32f10x_gpio.o(i.GPIO_ResetBits)
    i.GPIO_SetBits                           0x08001e5c   Section        0  stm32f10x_gpio.o(i.GPIO_SetBits)
    i.GPIO_WriteBit                          0x08001e60   Section        0  stm32f10x_gpio.o(i.GPIO_WriteBit)
    i.HardFault_Handler                      0x08001e6a   Section        0  stm32f10x_it.o(i.HardFault_Handler)
    i.IIC_Start                              0x08001e6c   Section        0  oled.o(i.IIC_Start)
    i.IIC_Stop                               0x08001e98   Section        0  oled.o(i.IIC_Stop)
    i.IIC_Wait_Ack                           0x08001ebc   Section        0  oled.o(i.IIC_Wait_Ack)
    i.IoT_Parameter_Init                     0x08001ed8   Section        0  mqtt.o(i.IoT_Parameter_Init)
    i.LED_GetStatus                          0x08002004   Section        0  led.o(i.LED_GetStatus)
    i.LED_Init                               0x0800201c   Section        0  led.o(i.LED_Init)
    i.LED_Off                                0x0800204c   Section        0  led.o(i.LED_Off)
    i.LED_On                                 0x0800205c   Section        0  led.o(i.LED_On)
    i.MQTT_Buff_Init                         0x0800206c   Section        0  mqtt.o(i.MQTT_Buff_Init)
    i.MQTT_ConectPack                        0x080020d4   Section        0  mqtt.o(i.MQTT_ConectPack)
    i.MQTT_DealPushdata_Qs0                  0x080021d4   Section        0  mqtt.o(i.MQTT_DealPushdata_Qs0)
    i.MQTT_PingREQ                           0x080022d4   Section        0  mqtt.o(i.MQTT_PingREQ)
    i.MQTT_PublishQs0                        0x080022e8   Section        0  mqtt.o(i.MQTT_PublishQs0)
    i.MQTT_Subscribe                         0x0800238c   Section        0  mqtt.o(i.MQTT_Subscribe)
    i.MemManage_Handler                      0x08002404   Section        0  stm32f10x_it.o(i.MemManage_Handler)
    i.NMI_Handler                            0x08002406   Section        0  stm32f10x_it.o(i.NMI_Handler)
    i.NVIC_Init                              0x08002408   Section        0  misc.o(i.NVIC_Init)
    i.NVIC_PriorityGroupConfig               0x0800246c   Section        0  misc.o(i.NVIC_PriorityGroupConfig)
    i.OLED_Clear                             0x08002480   Section        0  oled.o(i.OLED_Clear)
    i.OLED_Init                              0x080024bc   Section        0  oled.o(i.OLED_Init)
    i.OLED_Set_Pos                           0x080025ec   Section        0  oled.o(i.OLED_Set_Pos)
    i.OLED_ShowCHineseWord                   0x08002618   Section        0  oled.o(i.OLED_ShowCHineseWord)
    i.OLED_ShowChar                          0x080026a4   Section        0  oled.o(i.OLED_ShowChar)
    i.OLED_ShowNumber                        0x08002718   Section        0  oled.o(i.OLED_ShowNumber)
    i.OLED_ShowText                          0x08002782   Section        0  oled.o(i.OLED_ShowText)
    i.OLED_WR_Byte                           0x080027e0   Section        0  oled.o(i.OLED_WR_Byte)
    i.PendSV_Handler                         0x080027ec   Section        0  stm32f10x_it.o(i.PendSV_Handler)
    i.RCC_APB1PeriphClockCmd                 0x080027f0   Section        0  stm32f10x_rcc.o(i.RCC_APB1PeriphClockCmd)
    i.RCC_APB1PeriphResetCmd                 0x08002808   Section        0  stm32f10x_rcc.o(i.RCC_APB1PeriphResetCmd)
    i.RCC_APB2PeriphClockCmd                 0x08002820   Section        0  stm32f10x_rcc.o(i.RCC_APB2PeriphClockCmd)
    i.RCC_APB2PeriphResetCmd                 0x08002838   Section        0  stm32f10x_rcc.o(i.RCC_APB2PeriphResetCmd)
    i.RCC_GetClocksFreq                      0x08002850   Section        0  stm32f10x_rcc.o(i.RCC_GetClocksFreq)
    i.SVC_Handler                            0x080028e4   Section        0  stm32f10x_it.o(i.SVC_Handler)
    i.Send_Data                              0x080028e8   Section        0  pushdata.o(i.Send_Data)
    i.SetSysClockTo72                        0x080029bc   Section        0  system_stm32f10x.o(i.SetSysClockTo72)
    SetSysClockTo72                          0x080029bd   Thumb Code   160  system_stm32f10x.o(i.SetSysClockTo72)
    i.SysTick_CLKSourceConfig                0x08002a64   Section        0  misc.o(i.SysTick_CLKSourceConfig)
    i.SysTick_Handler                        0x08002a7c   Section        0  stm32f10x_it.o(i.SysTick_Handler)
    i.SystemInit                             0x08002a80   Section        0  system_stm32f10x.o(i.SystemInit)
    i.TIM2_ENABLE_10S                        0x08002ad0   Section        0  timer2.o(i.TIM2_ENABLE_10S)
    i.TIM2_IRQHandler                        0x08002b46   Section        0  stm32f10x_it.o(i.TIM2_IRQHandler)
    i.TIM3_ENABLE_2S                         0x08002b6c   Section        0  timer3.o(i.TIM3_ENABLE_2S)
    i.TIM3_ENABLE_30S                        0x08002be4   Section        0  timer3.o(i.TIM3_ENABLE_30S)
    i.TIM3_IRQHandler                        0x08002c5c   Section        0  stm32f10x_it.o(i.TIM3_IRQHandler)
    i.TIM4_IRQHandler                        0x08002cb8   Section        0  stm32f10x_it.o(i.TIM4_IRQHandler)
    i.TIM4_Init                              0x08002d3c   Section        0  timer4.o(i.TIM4_Init)
    i.TIM_ClearITPendingBit                  0x08002da8   Section        0  stm32f10x_tim.o(i.TIM_ClearITPendingBit)
    i.TIM_Cmd                                0x08002dae   Section        0  stm32f10x_tim.o(i.TIM_Cmd)
    i.TIM_DeInit                             0x08002dc4   Section        0  stm32f10x_tim.o(i.TIM_DeInit)
    i.TIM_GetITStatus                        0x08002f34   Section        0  stm32f10x_tim.o(i.TIM_GetITStatus)
    i.TIM_ITConfig                           0x08002f4c   Section        0  stm32f10x_tim.o(i.TIM_ITConfig)
    i.TIM_SetCounter                         0x08002f5c   Section        0  stm32f10x_tim.o(i.TIM_SetCounter)
    i.TIM_TimeBaseInit                       0x08002f60   Section        0  stm32f10x_tim.o(i.TIM_TimeBaseInit)
    i.TxDataBuf_Deal                         0x08002ffc   Section        0  mqtt.o(i.TxDataBuf_Deal)
    i.USART2_IRQHandler                      0x08003038   Section        0  stm32f10x_it.o(i.USART2_IRQHandler)
    i.USART_ClearFlag                        0x08003098   Section        0  stm32f10x_usart.o(i.USART_ClearFlag)
    i.USART_Cmd                              0x0800309e   Section        0  stm32f10x_usart.o(i.USART_Cmd)
    i.USART_DeInit                           0x080030b4   Section        0  stm32f10x_usart.o(i.USART_DeInit)
    i.USART_GetITStatus                      0x08003128   Section        0  stm32f10x_usart.o(i.USART_GetITStatus)
    i.USART_ITConfig                         0x08003166   Section        0  stm32f10x_usart.o(i.USART_ITConfig)
    i.USART_Init                             0x08003198   Section        0  stm32f10x_usart.o(i.USART_Init)
    i.UsageFault_Handler                     0x08003244   Section        0  stm32f10x_it.o(i.UsageFault_Handler)
    i.Usart1_Init                            0x08003248   Section        0  usart1.o(i.Usart1_Init)
    i.Usart2_Init                            0x080032c8   Section        0  usart2.o(i.Usart2_Init)
    i.WiFi_Connect_IoTServer                 0x08003380   Section        0  wifi.o(i.WiFi_Connect_IoTServer)
    i.WiFi_Connect_Server                    0x08003670   Section        0  wifi.o(i.WiFi_Connect_Server)
    i.WiFi_JoinAP                            0x080037b4   Section        0  wifi.o(i.WiFi_JoinAP)
    i.WiFi_Reset                             0x08003854   Section        0  wifi.o(i.WiFi_Reset)
    i.WiFi_ResetIO_Init                      0x080038c0   Section        0  wifi.o(i.WiFi_ResetIO_Init)
    i.WiFi_SendCmd                           0x080038f4   Section        0  wifi.o(i.WiFi_SendCmd)
    i.Write_IIC_Byte                         0x08003960   Section        0  oled.o(i.Write_IIC_Byte)
    i.Write_IIC_Command                      0x080039ac   Section        0  oled.o(i.Write_IIC_Command)
    i.Write_IIC_Data                         0x080039da   Section        0  oled.o(i.Write_IIC_Data)
    i.__ARM_fpclassify                       0x08003a08   Section        0  fpclassify.o(i.__ARM_fpclassify)
    i._is_digit                              0x08003a30   Section        0  __printf_wp.o(i._is_digit)
    i._sys_exit                              0x08003a3e   Section        0  usart1.o(i._sys_exit)
    i.main                                   0x08003a40   Section        0  main.o(i.main)
    i.oled_pow                               0x08003f38   Section        0  oled.o(i.oled_pow)
    i.u1_printf                              0x08003f48   Section        0  usart1.o(i.u1_printf)
    i.u2_TxData                              0x08003f8c   Section        0  usart2.o(i.u2_TxData)
    i.u2_printf                              0x08003fc0   Section        0  usart2.o(i.u2_printf)
    locale$$code                             0x08004004   Section       44  lc_numeric_c.o(locale$$code)
    locale$$code                             0x08004030   Section       44  lc_ctype_c.o(locale$$code)
    x$fpl$printf1                            0x0800405c   Section        4  printf1.o(x$fpl$printf1)
    .constdata                               0x08004060   Section     1520  oled.o(.constdata)
    x$fpl$usenofp                            0x08004060   Section        0  usenofp.o(x$fpl$usenofp)
    .constdata                               0x08004650   Section       17  __printf_flags_ss_wp.o(.constdata)
    maptable                                 0x08004650   Data          17  __printf_flags_ss_wp.o(.constdata)
    .constdata                               0x08004664   Section        8  _printf_wctomb.o(.constdata)
    initial_mbstate                          0x08004664   Data           8  _printf_wctomb.o(.constdata)
    .constdata                               0x0800466c   Section       40  _printf_hex_int_ll_ptr.o(.constdata)
    uc_hextab                                0x0800466c   Data          20  _printf_hex_int_ll_ptr.o(.constdata)
    lc_hextab                                0x08004680   Data          20  _printf_hex_int_ll_ptr.o(.constdata)
    .constdata                               0x08004694   Section      148  bigflt0.o(.constdata)
    tenpwrs_x                                0x08004694   Data          60  bigflt0.o(.constdata)
    tenpwrs_i                                0x080046d0   Data          64  bigflt0.o(.constdata)
    .conststring                             0x08004728   Section       53  main.o(.conststring)
    locale$$data                             0x08004780   Section       28  lc_numeric_c.o(locale$$data)
    __lcnum_c_name                           0x08004784   Data           2  lc_numeric_c.o(locale$$data)
    __lcnum_c_start                          0x0800478c   Data           0  lc_numeric_c.o(locale$$data)
    __lcnum_c_point                          0x08004798   Data           0  lc_numeric_c.o(locale$$data)
    __lcnum_c_thousands                      0x0800479a   Data           0  lc_numeric_c.o(locale$$data)
    __lcnum_c_grouping                       0x0800479b   Data           0  lc_numeric_c.o(locale$$data)
    locale$$data                             0x0800479c   Section      272  lc_ctype_c.o(locale$$data)
    __lcnum_c_end                            0x0800479c   Data           0  lc_numeric_c.o(locale$$data)
    __lcctype_c_name                         0x080047a0   Data           2  lc_ctype_c.o(locale$$data)
    __lcctype_c_start                        0x080047a8   Data           0  lc_ctype_c.o(locale$$data)
    __lcctype_c_end                          0x080048ac   Data           0  lc_ctype_c.o(locale$$data)
    .data                                    0x20000000   Section       16  main.o(.data)
    .data                                    0x20000010   Section       20  system_stm32f10x.o(.data)
    .data                                    0x20000024   Section       20  stm32f10x_rcc.o(.data)
    ADCPrescTable                            0x20000024   Data           4  stm32f10x_rcc.o(.data)
    APBAHBPrescTable                         0x20000028   Data          16  stm32f10x_rcc.o(.data)
    .data                                    0x20000038   Section        4  delay.o(.data)
    fac_us                                   0x20000038   Data           1  delay.o(.data)
    fac_ms                                   0x2000003a   Data           2  delay.o(.data)
    .data                                    0x2000003c   Section       68  mqtt.o(.data)
    .data                                    0x20000080   Section        1  mqtt.o(.data)
    .data                                    0x20000084   Section        8  pushdata.o(.data)
    humidity                                 0x20000084   Data           1  pushdata.o(.data)
    temperature                              0x20000085   Data           1  pushdata.o(.data)
    dataLen                                  0x20000088   Data           4  pushdata.o(.data)
    .data                                    0x2000008c   Section        1  wifi.o(.data)
    .data                                    0x20000090   Section        4  usart2.o(.data)
    .data                                    0x20000094   Section      665  oled.o(.data)
    .bss                                     0x20000330   Section     5312  mqtt.o(.bss)
    .bss                                     0x200017f0   Section      100  pushdata.o(.bss)
    tempAll                                  0x200017f0   Data         100  pushdata.o(.bss)
    .bss                                     0x20001858   Section      256  usart1.o(.bss)
    .bss                                     0x20001958   Section     1024  usart2.o(.bss)
    .bss                                     0x20001d58   Section     1024  usart2.o(.bss)
    .bss                                     0x20002158   Section       96  libspace.o(.bss)
    HEAP                                     0x200021b8   Section      512  startup_stm32f10x_md.o(HEAP)
    Heap_Mem                                 0x200021b8   Data         512  startup_stm32f10x_md.o(HEAP)
    STACK                                    0x200023b8   Section     1024  startup_stm32f10x_md.o(STACK)
    Stack_Mem                                0x200023b8   Data        1024  startup_stm32f10x_md.o(STACK)
    __initial_sp                             0x200027b8   Data           0  startup_stm32f10x_md.o(STACK)

    Global Symbols

    Symbol Name                              Value     Ov Type        Size  Object(Section)

    BuildAttributes$$THM_ISAv4$P$D$K$B$S$PE$A:L22UL41UL21$X:L11$S22US41US21$IEEE1$IW$USESV6$~STKCKD$USESV7$~SHL$OTIME$ROPI$IEEEJ$EBA8$UX$STANDARDLIB$REQ8$PRES8$EABIv2 0x00000000   Number         0  anon$$obj.o ABSOLUTE
    __ARM_use_no_argv                        0x00000000   Number         0  main.o ABSOLUTE
    _printf_flags                            0x00000000   Number         0  printf_stubs.o ABSOLUTE
    _printf_return_value                     0x00000000   Number         0  printf_stubs.o ABSOLUTE
    _printf_sizespec                         0x00000000   Number         0  printf_stubs.o ABSOLUTE
    _printf_widthprec                        0x00000000   Number         0  printf_stubs.o ABSOLUTE
    __ARM_exceptions_init                     - Undefined Weak Reference
    __alloca_initialize                       - Undefined Weak Reference
    __arm_preinit_                            - Undefined Weak Reference
    __cpp_initialize__aeabi_                  - Undefined Weak Reference
    __cxa_finalize                            - Undefined Weak Reference
    __sigvec_lookup                           - Undefined Weak Reference
    _atexit_init                              - Undefined Weak Reference
    _call_atexit_fns                          - Undefined Weak Reference
    _clock_init                               - Undefined Weak Reference
    _fp_trap_init                             - Undefined Weak Reference
    _fp_trap_shutdown                         - Undefined Weak Reference
    _get_lc_collate                           - Undefined Weak Reference
    _get_lc_monetary                          - Undefined Weak Reference
    _get_lc_time                              - Undefined Weak Reference
    _getenv_init                              - Undefined Weak Reference
    _handle_redirection                       - Undefined Weak Reference
    _init_alloc                               - Undefined Weak Reference
    _init_user_alloc                          - Undefined Weak Reference
    _initio                                   - Undefined Weak Reference
    _printf_fp_hex                            - Undefined Weak Reference
    _printf_mbtowc                            - Undefined Weak Reference
    _printf_wc                                - Undefined Weak Reference
    _rand_init                                - Undefined Weak Reference
    _signal_finish                            - Undefined Weak Reference
    _signal_init                              - Undefined Weak Reference
    _terminate_alloc                          - Undefined Weak Reference
    _terminate_user_alloc                     - Undefined Weak Reference
    _terminateio                              - Undefined Weak Reference
    __Vectors_Size                           0x000000ec   Number         0  startup_stm32f10x_md.o ABSOLUTE
    __Vectors                                0x08000000   Data           4  startup_stm32f10x_md.o(RESET)
    __Vectors_End                            0x080000ec   Data           0  startup_stm32f10x_md.o(RESET)
    __main                                   0x080000ed   Thumb Code     8  __main.o(!!!main)
    __scatterload                            0x080000f5   Thumb Code     0  __scatter.o(!!!scatter)
    __scatterload_rt2                        0x080000f5   Thumb Code    44  __scatter.o(!!!scatter)
    __scatterload_rt2_thumb_only             0x080000f5   Thumb Code     0  __scatter.o(!!!scatter)
    __scatterload_null                       0x08000103   Thumb Code     0  __scatter.o(!!!scatter)
    __decompress                             0x08000129   Thumb Code    90  __dczerorl2.o(!!dczerorl2)
    __decompress1                            0x08000129   Thumb Code     0  __dczerorl2.o(!!dczerorl2)
    __scatterload_zeroinit                   0x08000185   Thumb Code    28  __scatter_zi.o(!!handler_zi)
    _printf_n                                0x080001a1   Thumb Code     0  _printf_n.o(.ARM.Collect$$_printf_percent$$00000001)
    _printf_percent                          0x080001a1   Thumb Code     0  _printf_percent.o(.ARM.Collect$$_printf_percent$$00000000)
    _printf_p                                0x080001a7   Thumb Code     0  _printf_p.o(.ARM.Collect$$_printf_percent$$00000002)
    _printf_f                                0x080001ad   Thumb Code     0  _printf_f.o(.ARM.Collect$$_printf_percent$$00000003)
    _printf_e                                0x080001b3   Thumb Code     0  _printf_e.o(.ARM.Collect$$_printf_percent$$00000004)
    _printf_g                                0x080001b9   Thumb Code     0  _printf_g.o(.ARM.Collect$$_printf_percent$$00000005)
    _printf_a                                0x080001bf   Thumb Code     0  _printf_a.o(.ARM.Collect$$_printf_percent$$00000006)
    _printf_ll                               0x080001c5   Thumb Code     0  _printf_ll.o(.ARM.Collect$$_printf_percent$$00000007)
    _printf_i                                0x080001cf   Thumb Code     0  _printf_i.o(.ARM.Collect$$_printf_percent$$00000008)
    _printf_d                                0x080001d5   Thumb Code     0  _printf_d.o(.ARM.Collect$$_printf_percent$$00000009)
    _printf_u                                0x080001db   Thumb Code     0  _printf_u.o(.ARM.Collect$$_printf_percent$$0000000A)
    _printf_o                                0x080001e1   Thumb Code     0  _printf_o.o(.ARM.Collect$$_printf_percent$$0000000B)
    _printf_x                                0x080001e7   Thumb Code     0  _printf_x.o(.ARM.Collect$$_printf_percent$$0000000C)
    _printf_lli                              0x080001ed   Thumb Code     0  _printf_lli.o(.ARM.Collect$$_printf_percent$$0000000D)
    _printf_lld                              0x080001f3   Thumb Code     0  _printf_lld.o(.ARM.Collect$$_printf_percent$$0000000E)
    _printf_llu                              0x080001f9   Thumb Code     0  _printf_llu.o(.ARM.Collect$$_printf_percent$$0000000F)
    _printf_llo                              0x080001ff   Thumb Code     0  _printf_llo.o(.ARM.Collect$$_printf_percent$$00000010)
    _printf_llx                              0x08000205   Thumb Code     0  _printf_llx.o(.ARM.Collect$$_printf_percent$$00000011)
    _printf_l                                0x0800020b   Thumb Code     0  _printf_l.o(.ARM.Collect$$_printf_percent$$00000012)
    _printf_c                                0x08000215   Thumb Code     0  _printf_c.o(.ARM.Collect$$_printf_percent$$00000013)
    _printf_s                                0x0800021b   Thumb Code     0  _printf_s.o(.ARM.Collect$$_printf_percent$$00000014)
    _printf_lc                               0x08000221   Thumb Code     0  _printf_lc.o(.ARM.Collect$$_printf_percent$$00000015)
    _printf_ls                               0x08000227   Thumb Code     0  _printf_ls.o(.ARM.Collect$$_printf_percent$$00000016)
    _printf_percent_end                      0x0800022d   Thumb Code     0  _printf_percent_end.o(.ARM.Collect$$_printf_percent$$00000017)
    __rt_lib_init                            0x08000231   Thumb Code     0  libinit.o(.ARM.Collect$$libinit$$00000000)
    __rt_lib_init_fp_1                       0x08000233   Thumb Code     0  libinit2.o(.ARM.Collect$$libinit$$00000002)
    __rt_lib_init_heap_1                     0x08000233   Thumb Code     0  libinit2.o(.ARM.Collect$$libinit$$0000000A)
    __rt_lib_init_lc_common                  0x08000233   Thumb Code     0  libinit2.o(.ARM.Collect$$libinit$$0000000F)
    __rt_lib_init_preinit_1                  0x08000233   Thumb Code     0  libinit2.o(.ARM.Collect$$libinit$$00000004)
    __rt_lib_init_rand_1                     0x08000233   Thumb Code     0  libinit2.o(.ARM.Collect$$libinit$$0000000E)
    __rt_lib_init_user_alloc_1               0x08000233   Thumb Code     0  libinit2.o(.ARM.Collect$$libinit$$0000000C)
    __rt_lib_init_lc_collate_1               0x08000239   Thumb Code     0  libinit2.o(.ARM.Collect$$libinit$$00000011)
    __rt_lib_init_lc_ctype_2                 0x08000239   Thumb Code     0  libinit2.o(.ARM.Collect$$libinit$$00000012)
    __rt_lib_init_lc_ctype_1                 0x08000245   Thumb Code     0  libinit2.o(.ARM.Collect$$libinit$$00000013)
    __rt_lib_init_lc_monetary_1              0x08000245   Thumb Code     0  libinit2.o(.ARM.Collect$$libinit$$00000015)
    __rt_lib_init_lc_numeric_2               0x08000245   Thumb Code     0  libinit2.o(.ARM.Collect$$libinit$$00000016)
    __rt_lib_init_alloca_1                   0x0800024f   Thumb Code     0  libinit2.o(.ARM.Collect$$libinit$$0000002E)
    __rt_lib_init_argv_1                     0x0800024f   Thumb Code     0  libinit2.o(.ARM.Collect$$libinit$$0000002C)
    __rt_lib_init_atexit_1                   0x0800024f   Thumb Code     0  libinit2.o(.ARM.Collect$$libinit$$0000001B)
    __rt_lib_init_clock_1                    0x0800024f   Thumb Code     0  libinit2.o(.ARM.Collect$$libinit$$00000021)
    __rt_lib_init_cpp_1                      0x0800024f   Thumb Code     0  libinit2.o(.ARM.Collect$$libinit$$00000032)
    __rt_lib_init_exceptions_1               0x0800024f   Thumb Code     0  libinit2.o(.ARM.Collect$$libinit$$00000030)
    __rt_lib_init_fp_trap_1                  0x0800024f   Thumb Code     0  libinit2.o(.ARM.Collect$$libinit$$0000001F)
    __rt_lib_init_getenv_1                   0x0800024f   Thumb Code     0  libinit2.o(.ARM.Collect$$libinit$$00000023)
    __rt_lib_init_lc_numeric_1               0x0800024f   Thumb Code     0  libinit2.o(.ARM.Collect$$libinit$$00000017)
    __rt_lib_init_lc_time_1                  0x0800024f   Thumb Code     0  libinit2.o(.ARM.Collect$$libinit$$00000019)
    __rt_lib_init_return                     0x0800024f   Thumb Code     0  libinit2.o(.ARM.Collect$$libinit$$00000033)
    __rt_lib_init_signal_1                   0x0800024f   Thumb Code     0  libinit2.o(.ARM.Collect$$libinit$$0000001D)
    __rt_lib_init_stdio_1                    0x0800024f   Thumb Code     0  libinit2.o(.ARM.Collect$$libinit$$00000025)
    __rt_lib_shutdown                        0x08000251   Thumb Code     0  libshutdown.o(.ARM.Collect$$libshutdown$$00000000)
    __rt_lib_shutdown_cpp_1                  0x08000253   Thumb Code     0  libshutdown2.o(.ARM.Collect$$libshutdown$$00000002)
    __rt_lib_shutdown_fp_trap_1              0x08000253   Thumb Code     0  libshutdown2.o(.ARM.Collect$$libshutdown$$00000007)
    __rt_lib_shutdown_heap_1                 0x08000253   Thumb Code     0  libshutdown2.o(.ARM.Collect$$libshutdown$$0000000F)
    __rt_lib_shutdown_return                 0x08000253   Thumb Code     0  libshutdown2.o(.ARM.Collect$$libshutdown$$00000010)
    __rt_lib_shutdown_signal_1               0x08000253   Thumb Code     0  libshutdown2.o(.ARM.Collect$$libshutdown$$0000000A)
    __rt_lib_shutdown_stdio_1                0x08000253   Thumb Code     0  libshutdown2.o(.ARM.Collect$$libshutdown$$00000004)
    __rt_lib_shutdown_user_alloc_1           0x08000253   Thumb Code     0  libshutdown2.o(.ARM.Collect$$libshutdown$$0000000C)
    __rt_entry                               0x08000255   Thumb Code     0  __rtentry.o(.ARM.Collect$$rtentry$$00000000)
    __rt_entry_presh_1                       0x08000255   Thumb Code     0  __rtentry2.o(.ARM.Collect$$rtentry$$00000002)
    __rt_entry_sh                            0x08000255   Thumb Code     0  __rtentry4.o(.ARM.Collect$$rtentry$$00000004)
    __rt_entry_li                            0x0800025b   Thumb Code     0  __rtentry2.o(.ARM.Collect$$rtentry$$0000000A)
    __rt_entry_postsh_1                      0x0800025b   Thumb Code     0  __rtentry2.o(.ARM.Collect$$rtentry$$00000009)
    __rt_entry_main                          0x0800025f   Thumb Code     0  __rtentry2.o(.ARM.Collect$$rtentry$$0000000D)
    __rt_entry_postli_1                      0x0800025f   Thumb Code     0  __rtentry2.o(.ARM.Collect$$rtentry$$0000000C)
    __rt_exit                                0x08000267   Thumb Code     0  rtexit.o(.ARM.Collect$$rtexit$$00000000)
    __rt_exit_ls                             0x08000269   Thumb Code     0  rtexit2.o(.ARM.Collect$$rtexit$$00000003)
    __rt_exit_prels_1                        0x08000269   Thumb Code     0  rtexit2.o(.ARM.Collect$$rtexit$$00000002)
    __rt_exit_exit                           0x0800026d   Thumb Code     0  rtexit2.o(.ARM.Collect$$rtexit$$00000004)
    Reset_Handler                            0x08000275   Thumb Code     8  startup_stm32f10x_md.o(.text)
    ADC1_2_IRQHandler                        0x0800028f   Thumb Code     0  startup_stm32f10x_md.o(.text)
    CAN1_RX1_IRQHandler                      0x0800028f   Thumb Code     0  startup_stm32f10x_md.o(.text)
    CAN1_SCE_IRQHandler                      0x0800028f   Thumb Code     0  startup_stm32f10x_md.o(.text)
    DMA1_Channel1_IRQHandler                 0x0800028f   Thumb Code     0  startup_stm32f10x_md.o(.text)
    DMA1_Channel2_IRQHandler                 0x0800028f   Thumb Code     0  startup_stm32f10x_md.o(.text)
    DMA1_Channel3_IRQHandler                 0x0800028f   Thumb Code     0  startup_stm32f10x_md.o(.text)
    DMA1_Channel4_IRQHandler                 0x0800028f   Thumb Code     0  startup_stm32f10x_md.o(.text)
    DMA1_Channel5_IRQHandler                 0x0800028f   Thumb Code     0  startup_stm32f10x_md.o(.text)
    DMA1_Channel6_IRQHandler                 0x0800028f   Thumb Code     0  startup_stm32f10x_md.o(.text)
    DMA1_Channel7_IRQHandler                 0x0800028f   Thumb Code     0  startup_stm32f10x_md.o(.text)
    EXTI0_IRQHandler                         0x0800028f   Thumb Code     0  startup_stm32f10x_md.o(.text)
    EXTI15_10_IRQHandler                     0x0800028f   Thumb Code     0  startup_stm32f10x_md.o(.text)
    EXTI1_IRQHandler                         0x0800028f   Thumb Code     0  startup_stm32f10x_md.o(.text)
    EXTI2_IRQHandler                         0x0800028f   Thumb Code     0  startup_stm32f10x_md.o(.text)
    EXTI3_IRQHandler                         0x0800028f   Thumb Code     0  startup_stm32f10x_md.o(.text)
    EXTI4_IRQHandler                         0x0800028f   Thumb Code     0  startup_stm32f10x_md.o(.text)
    EXTI9_5_IRQHandler                       0x0800028f   Thumb Code     0  startup_stm32f10x_md.o(.text)
    FLASH_IRQHandler                         0x0800028f   Thumb Code     0  startup_stm32f10x_md.o(.text)
    I2C1_ER_IRQHandler                       0x0800028f   Thumb Code     0  startup_stm32f10x_md.o(.text)
    I2C1_EV_IRQHandler                       0x0800028f   Thumb Code     0  startup_stm32f10x_md.o(.text)
    I2C2_ER_IRQHandler                       0x0800028f   Thumb Code     0  startup_stm32f10x_md.o(.text)
    I2C2_EV_IRQHandler                       0x0800028f   Thumb Code     0  startup_stm32f10x_md.o(.text)
    PVD_IRQHandler                           0x0800028f   Thumb Code     0  startup_stm32f10x_md.o(.text)
    RCC_IRQHandler                           0x0800028f   Thumb Code     0  startup_stm32f10x_md.o(.text)
    RTCAlarm_IRQHandler                      0x0800028f   Thumb Code     0  startup_stm32f10x_md.o(.text)
    RTC_IRQHandler                           0x0800028f   Thumb Code     0  startup_stm32f10x_md.o(.text)
    SPI1_IRQHandler                          0x0800028f   Thumb Code     0  startup_stm32f10x_md.o(.text)
    SPI2_IRQHandler                          0x0800028f   Thumb Code     0  startup_stm32f10x_md.o(.text)
    TAMPER_IRQHandler                        0x0800028f   Thumb Code     0  startup_stm32f10x_md.o(.text)
    TIM1_BRK_IRQHandler                      0x0800028f   Thumb Code     0  startup_stm32f10x_md.o(.text)
    TIM1_CC_IRQHandler                       0x0800028f   Thumb Code     0  startup_stm32f10x_md.o(.text)
    TIM1_TRG_COM_IRQHandler                  0x0800028f   Thumb Code     0  startup_stm32f10x_md.o(.text)
    TIM1_UP_IRQHandler                       0x0800028f   Thumb Code     0  startup_stm32f10x_md.o(.text)
    USART1_IRQHandler                        0x0800028f   Thumb Code     0  startup_stm32f10x_md.o(.text)
    USART3_IRQHandler                        0x0800028f   Thumb Code     0  startup_stm32f10x_md.o(.text)
    USBWakeUp_IRQHandler                     0x0800028f   Thumb Code     0  startup_stm32f10x_md.o(.text)
    USB_HP_CAN1_TX_IRQHandler                0x0800028f   Thumb Code     0  startup_stm32f10x_md.o(.text)
    USB_LP_CAN1_RX0_IRQHandler               0x0800028f   Thumb Code     0  startup_stm32f10x_md.o(.text)
    WWDG_IRQHandler                          0x0800028f   Thumb Code     0  startup_stm32f10x_md.o(.text)
    __user_initial_stackheap                 0x08000291   Thumb Code     0  startup_stm32f10x_md.o(.text)
    __use_no_semihosting                     0x080002b5   Thumb Code     2  use_no_semi_2.o(.text)
    __c89vsprintf                            0x080002b9   Thumb Code    32  c89vsprintf.o(.text)
    __2sprintf                               0x080002dd   Thumb Code    38  __2sprintf.o(.text)
    _printf_str                              0x08000309   Thumb Code    82  _printf_str.o(.text)
    _printf_int_dec                          0x0800035d   Thumb Code   104  _printf_dec.o(.text)
    __printf                                 0x080003d5   Thumb Code   388  __printf_flags_ss_wp.o(.text)
    strstr                                   0x0800055d   Thumb Code    36  strstr.o(.text)
    memcmp                                   0x08000581   Thumb Code    88  memcmp.o(.text)
    strlen                                   0x080005d9   Thumb Code    62  strlen.o(.text)
    __aeabi_memcpy                           0x08000617   Thumb Code     0  rt_memcpy_v6.o(.text)
    __rt_memcpy                              0x08000617   Thumb Code   138  rt_memcpy_v6.o(.text)
    _memcpy_lastbytes                        0x0800067d   Thumb Code     0  rt_memcpy_v6.o(.text)
    __aeabi_memclr                           0x080006a1   Thumb Code     0  rt_memclr.o(.text)
    __rt_memclr                              0x080006a1   Thumb Code    68  rt_memclr.o(.text)
    _memset                                  0x080006a5   Thumb Code     0  rt_memclr.o(.text)
    __use_two_region_memory                  0x080006e5   Thumb Code     2  heapauxi.o(.text)
    __rt_heap_escrow$2region                 0x080006e7   Thumb Code     2  heapauxi.o(.text)
    __rt_heap_expand$2region                 0x080006e9   Thumb Code     2  heapauxi.o(.text)
    __I$use$semihosting                      0x080006eb   Thumb Code     0  use_no_semi.o(.text)
    __use_no_semihosting_swi                 0x080006eb   Thumb Code     2  use_no_semi.o(.text)
    _printf_pre_padding                      0x080006ed   Thumb Code    44  _printf_pad.o(.text)
    _printf_post_padding                     0x08000719   Thumb Code    34  _printf_pad.o(.text)
    _printf_truncate_signed                  0x0800073b   Thumb Code    18  _printf_truncate.o(.text)
    _printf_truncate_unsigned                0x0800074d   Thumb Code    18  _printf_truncate.o(.text)
    _printf_int_common                       0x0800075f   Thumb Code   178  _printf_intcommon.o(.text)
    _printf_charcount                        0x08000811   Thumb Code    40  _printf_charcount.o(.text)
    _printf_char_common                      0x08000843   Thumb Code    32  _printf_char_common.o(.text)
    _sputc                                   0x08000869   Thumb Code    10  _sputc.o(.text)
    _printf_cs_common                        0x08000873   Thumb Code    20  _printf_char.o(.text)
    _printf_char                             0x08000887   Thumb Code    16  _printf_char.o(.text)
    _printf_string                           0x08000897   Thumb Code     8  _printf_char.o(.text)
    _printf_wctomb                           0x080008a1   Thumb Code   182  _printf_wctomb.o(.text)
    _printf_longlong_dec                     0x0800095d   Thumb Code   108  _printf_longlong_dec.o(.text)
    _printf_longlong_oct                     0x080009d9   Thumb Code    66  _printf_oct_int_ll.o(.text)
    _printf_int_oct                          0x08000a1b   Thumb Code    24  _printf_oct_int_ll.o(.text)
    _printf_ll_oct                           0x08000a33   Thumb Code    12  _printf_oct_int_ll.o(.text)
    _printf_longlong_hex                     0x08000a49   Thumb Code    86  _printf_hex_int_ll_ptr.o(.text)
    _printf_int_hex                          0x08000a9f   Thumb Code    28  _printf_hex_int_ll_ptr.o(.text)
    _printf_ll_hex                           0x08000abb   Thumb Code    12  _printf_hex_int_ll_ptr.o(.text)
    _printf_hex_ptr                          0x08000ac7   Thumb Code    18  _printf_hex_int_ll_ptr.o(.text)
    __aeabi_memcpy4                          0x08000add   Thumb Code     0  rt_memcpy_w.o(.text)
    __aeabi_memcpy8                          0x08000add   Thumb Code     0  rt_memcpy_w.o(.text)
    __rt_memcpy_w                            0x08000add   Thumb Code   100  rt_memcpy_w.o(.text)
    _memcpy_lastbytes_aligned                0x08000b25   Thumb Code     0  rt_memcpy_w.o(.text)
    __aeabi_memclr4                          0x08000b41   Thumb Code     0  rt_memclr_w.o(.text)
    __aeabi_memclr8                          0x08000b41   Thumb Code     0  rt_memclr_w.o(.text)
    __rt_memclr_w                            0x08000b41   Thumb Code    78  rt_memclr_w.o(.text)
    _memset_w                                0x08000b45   Thumb Code     0  rt_memclr_w.o(.text)
    _ll_udiv10                               0x08000b8f   Thumb Code   138  lludiv10.o(.text)
    __lib_sel_fp_printf                      0x08000c19   Thumb Code     2  _printf_fp_dec.o(.text)
    _printf_fp_dec_real                      0x08000dcb   Thumb Code   620  _printf_fp_dec.o(.text)
    _printf_lcs_common                       0x08001037   Thumb Code    20  _printf_wchar.o(.text)
    _printf_wchar                            0x0800104b   Thumb Code    16  _printf_wchar.o(.text)
    _printf_wstring                          0x0800105b   Thumb Code     8  _printf_wchar.o(.text)
    _wcrtomb                                 0x08001063   Thumb Code    64  _wcrtomb.o(.text)
    __user_setup_stackheap                   0x080010a3   Thumb Code    74  sys_stackheap_outer.o(.text)
    __rt_ctype_table                         0x080010ed   Thumb Code    16  rt_ctype_table.o(.text)
    __rt_locale                              0x080010fd   Thumb Code     8  rt_locale_intlibspace.o(.text)
    _printf_fp_infnan                        0x08001105   Thumb Code   112  _printf_fp_infnan.o(.text)
    _btod_etento                             0x08001185   Thumb Code   224  bigflt0.o(.text)
    exit                                     0x08001269   Thumb Code    18  exit.o(.text)
    __user_libspace                          0x0800127d   Thumb Code     8  libspace.o(.text)
    __user_perproc_libspace                  0x0800127d   Thumb Code     0  libspace.o(.text)
    __user_perthread_libspace                0x0800127d   Thumb Code     0  libspace.o(.text)
    strcmp                                   0x08001285   Thumb Code   128  strcmpv7m.o(.text)
    _btod_d2e                                0x08001305   Thumb Code    62  btod.o(CL$$btod_d2e)
    _d2e_denorm_low                          0x08001343   Thumb Code    70  btod.o(CL$$btod_d2e_denorm_low)
    _d2e_norm_op1                            0x08001389   Thumb Code    96  btod.o(CL$$btod_d2e_norm_op1)
    __btod_div_common                        0x080013e9   Thumb Code   696  btod.o(CL$$btod_div_common)
    _e2e                                     0x08001721   Thumb Code   220  btod.o(CL$$btod_e2e)
    _btod_ediv                               0x080017fd   Thumb Code    42  btod.o(CL$$btod_ediv)
    _btod_emul                               0x08001827   Thumb Code    42  btod.o(CL$$btod_emul)
    __btod_mult_common                       0x08001851   Thumb Code   580  btod.o(CL$$btod_mult_common)
    BusFault_Handler                         0x08001a95   Thumb Code     2  stm32f10x_it.o(i.BusFault_Handler)
    CMDBuf_Deal                              0x08001a99   Thumb Code    58  mqtt.o(i.CMDBuf_Deal)
    DHT11_Check                              0x08001add   Thumb Code   102  dht11.o(i.DHT11_Check)
    DHT11_Init                               0x08001b49   Thumb Code    46  dht11.o(i.DHT11_Init)
    DHT11_Read_Bit                           0x08001b7d   Thumb Code    84  dht11.o(i.DHT11_Read_Bit)
    DHT11_Read_Byte                          0x08001bd5   Thumb Code    26  dht11.o(i.DHT11_Read_Byte)
    DHT11_Read_Data                          0x08001bef   Thumb Code    84  dht11.o(i.DHT11_Read_Data)
    DHT11_Rst                                0x08001c45   Thumb Code    56  dht11.o(i.DHT11_Rst)
    DebugMon_Handler                         0x08001c81   Thumb Code     2  stm32f10x_it.o(i.DebugMon_Handler)
    DelayMs                                  0x08001c85   Thumb Code    46  delay.o(i.DelayMs)
    DelayUs                                  0x08001cb9   Thumb Code    46  delay.o(i.DelayUs)
    Delay_Init                               0x08001ced   Thumb Code    46  delay.o(i.Delay_Init)
    Display_Menu                             0x08001d29   Thumb Code    54  oled.o(i.Display_Menu)
    GPIO_Init                                0x08001da1   Thumb Code   156  stm32f10x_gpio.o(i.GPIO_Init)
    GPIO_ReadInputDataBit                    0x08001e3d   Thumb Code    14  stm32f10x_gpio.o(i.GPIO_ReadInputDataBit)
    GPIO_ReadOutputDataBit                   0x08001e4b   Thumb Code    14  stm32f10x_gpio.o(i.GPIO_ReadOutputDataBit)
    GPIO_ResetBits                           0x08001e59   Thumb Code     4  stm32f10x_gpio.o(i.GPIO_ResetBits)
    GPIO_SetBits                             0x08001e5d   Thumb Code     4  stm32f10x_gpio.o(i.GPIO_SetBits)
    GPIO_WriteBit                            0x08001e61   Thumb Code    10  stm32f10x_gpio.o(i.GPIO_WriteBit)
    HardFault_Handler                        0x08001e6b   Thumb Code     2  stm32f10x_it.o(i.HardFault_Handler)
    IIC_Start                                0x08001e6d   Thumb Code    40  oled.o(i.IIC_Start)
    IIC_Stop                                 0x08001e99   Thumb Code    32  oled.o(i.IIC_Stop)
    IIC_Wait_Ack                             0x08001ebd   Thumb Code    24  oled.o(i.IIC_Wait_Ack)
    IoT_Parameter_Init                       0x08001ed9   Thumb Code   156  mqtt.o(i.IoT_Parameter_Init)
    LED_GetStatus                            0x08002005   Thumb Code    20  led.o(i.LED_GetStatus)
    LED_Init                                 0x0800201d   Thumb Code    44  led.o(i.LED_Init)
    LED_Off                                  0x0800204d   Thumb Code    10  led.o(i.LED_Off)
    LED_On                                   0x0800205d   Thumb Code    10  led.o(i.LED_On)
    MQTT_Buff_Init                           0x0800206d   Thumb Code    74  mqtt.o(i.MQTT_Buff_Init)
    MQTT_ConectPack                          0x080020d5   Thumb Code   240  mqtt.o(i.MQTT_ConectPack)
    MQTT_DealPushdata_Qs0                    0x080021d5   Thumb Code   210  mqtt.o(i.MQTT_DealPushdata_Qs0)
    MQTT_PingREQ                             0x080022d5   Thumb Code    16  mqtt.o(i.MQTT_PingREQ)
    MQTT_PublishQs0                          0x080022e9   Thumb Code   156  mqtt.o(i.MQTT_PublishQs0)
    MQTT_Subscribe                           0x0800238d   Thumb Code   112  mqtt.o(i.MQTT_Subscribe)
    MemManage_Handler                        0x08002405   Thumb Code     2  stm32f10x_it.o(i.MemManage_Handler)
    NMI_Handler                              0x08002407   Thumb Code     2  stm32f10x_it.o(i.NMI_Handler)
    NVIC_Init                                0x08002409   Thumb Code    94  misc.o(i.NVIC_Init)
    NVIC_PriorityGroupConfig                 0x0800246d   Thumb Code    10  misc.o(i.NVIC_PriorityGroupConfig)
    OLED_Clear                               0x08002481   Thumb Code    58  oled.o(i.OLED_Clear)
    OLED_Init                                0x080024bd   Thumb Code   300  oled.o(i.OLED_Init)
    OLED_Set_Pos                             0x080025ed   Thumb Code    42  oled.o(i.OLED_Set_Pos)
    OLED_ShowCHineseWord                     0x08002619   Thumb Code   136  oled.o(i.OLED_ShowCHineseWord)
    OLED_ShowChar                            0x080026a5   Thumb Code   112  oled.o(i.OLED_ShowChar)
    OLED_ShowNumber                          0x08002719   Thumb Code   106  oled.o(i.OLED_ShowNumber)
    OLED_ShowText                            0x08002783   Thumb Code    94  oled.o(i.OLED_ShowText)
    OLED_WR_Byte                             0x080027e1   Thumb Code    12  oled.o(i.OLED_WR_Byte)
    PendSV_Handler                           0x080027ed   Thumb Code     2  stm32f10x_it.o(i.PendSV_Handler)
    RCC_APB1PeriphClockCmd                   0x080027f1   Thumb Code    18  stm32f10x_rcc.o(i.RCC_APB1PeriphClockCmd)
    RCC_APB1PeriphResetCmd                   0x08002809   Thumb Code    18  stm32f10x_rcc.o(i.RCC_APB1PeriphResetCmd)
    RCC_APB2PeriphClockCmd                   0x08002821   Thumb Code    18  stm32f10x_rcc.o(i.RCC_APB2PeriphClockCmd)
    RCC_APB2PeriphResetCmd                   0x08002839   Thumb Code    18  stm32f10x_rcc.o(i.RCC_APB2PeriphResetCmd)
    RCC_GetClocksFreq                        0x08002851   Thumb Code   132  stm32f10x_rcc.o(i.RCC_GetClocksFreq)
    SVC_Handler                              0x080028e5   Thumb Code     2  stm32f10x_it.o(i.SVC_Handler)
    Send_Data                                0x080028e9   Thumb Code   146  pushdata.o(i.Send_Data)
    SysTick_CLKSourceConfig                  0x08002a65   Thumb Code    24  misc.o(i.SysTick_CLKSourceConfig)
    SysTick_Handler                          0x08002a7d   Thumb Code     2  stm32f10x_it.o(i.SysTick_Handler)
    SystemInit                               0x08002a81   Thumb Code    64  system_stm32f10x.o(i.SystemInit)
    TIM2_ENABLE_10S                          0x08002ad1   Thumb Code   118  timer2.o(i.TIM2_ENABLE_10S)
    TIM2_IRQHandler                          0x08002b47   Thumb Code    36  stm32f10x_it.o(i.TIM2_IRQHandler)
    TIM3_ENABLE_2S                           0x08002b6d   Thumb Code   114  timer3.o(i.TIM3_ENABLE_2S)
    TIM3_ENABLE_30S                          0x08002be5   Thumb Code   116  timer3.o(i.TIM3_ENABLE_30S)
    TIM3_IRQHandler                          0x08002c5d   Thumb Code    80  stm32f10x_it.o(i.TIM3_IRQHandler)
    TIM4_IRQHandler                          0x08002cb9   Thumb Code   104  stm32f10x_it.o(i.TIM4_IRQHandler)
    TIM4_Init                                0x08002d3d   Thumb Code   104  timer4.o(i.TIM4_Init)
    TIM_ClearITPendingBit                    0x08002da9   Thumb Code     6  stm32f10x_tim.o(i.TIM_ClearITPendingBit)
    TIM_Cmd                                  0x08002daf   Thumb Code    20  stm32f10x_tim.o(i.TIM_Cmd)
    TIM_DeInit                               0x08002dc5   Thumb Code   304  stm32f10x_tim.o(i.TIM_DeInit)
    TIM_GetITStatus                          0x08002f35   Thumb Code    24  stm32f10x_tim.o(i.TIM_GetITStatus)
    TIM_ITConfig                             0x08002f4d   Thumb Code    16  stm32f10x_tim.o(i.TIM_ITConfig)
    TIM_SetCounter                           0x08002f5d   Thumb Code     4  stm32f10x_tim.o(i.TIM_SetCounter)
    TIM_TimeBaseInit                         0x08002f61   Thumb Code   114  stm32f10x_tim.o(i.TIM_TimeBaseInit)
    TxDataBuf_Deal                           0x08002ffd   Thumb Code    52  mqtt.o(i.TxDataBuf_Deal)
    USART2_IRQHandler                        0x08003039   Thumb Code    76  stm32f10x_it.o(i.USART2_IRQHandler)
    USART_ClearFlag                          0x08003099   Thumb Code     6  stm32f10x_usart.o(i.USART_ClearFlag)
    USART_Cmd                                0x0800309f   Thumb Code    20  stm32f10x_usart.o(i.USART_Cmd)
    USART_DeInit                             0x080030b5   Thumb Code    96  stm32f10x_usart.o(i.USART_DeInit)
    USART_GetITStatus                        0x08003129   Thumb Code    62  stm32f10x_usart.o(i.USART_GetITStatus)
    USART_ITConfig                           0x08003167   Thumb Code    48  stm32f10x_usart.o(i.USART_ITConfig)
    USART_Init                               0x08003199   Thumb Code   166  stm32f10x_usart.o(i.USART_Init)
    UsageFault_Handler                       0x08003245   Thumb Code     2  stm32f10x_it.o(i.UsageFault_Handler)
    Usart1_Init                              0x08003249   Thumb Code   120  usart1.o(i.Usart1_Init)
    Usart2_Init                              0x080032c9   Thumb Code   176  usart2.o(i.Usart2_Init)
    WiFi_Connect_IoTServer                   0x08003381   Thumb Code   232  wifi.o(i.WiFi_Connect_IoTServer)
    WiFi_Connect_Server                      0x08003671   Thumb Code   176  wifi.o(i.WiFi_Connect_Server)
    WiFi_JoinAP                              0x080037b5   Thumb Code    90  wifi.o(i.WiFi_JoinAP)
    WiFi_Reset                               0x08003855   Thumb Code    82  wifi.o(i.WiFi_Reset)
    WiFi_ResetIO_Init                        0x080038c1   Thumb Code    48  wifi.o(i.WiFi_ResetIO_Init)
    WiFi_SendCmd                             0x080038f5   Thumb Code    78  wifi.o(i.WiFi_SendCmd)
    Write_IIC_Byte                           0x08003961   Thumb Code    70  oled.o(i.Write_IIC_Byte)
    Write_IIC_Command                        0x080039ad   Thumb Code    46  oled.o(i.Write_IIC_Command)
    Write_IIC_Data                           0x080039db   Thumb Code    46  oled.o(i.Write_IIC_Data)
    __ARM_fpclassify                         0x08003a09   Thumb Code    40  fpclassify.o(i.__ARM_fpclassify)
    _is_digit                                0x08003a31   Thumb Code    14  __printf_wp.o(i._is_digit)
    _sys_exit                                0x08003a3f   Thumb Code     2  usart1.o(i._sys_exit)
    main                                     0x08003a41   Thumb Code   650  main.o(i.main)
    oled_pow                                 0x08003f39   Thumb Code    16  oled.o(i.oled_pow)
    u1_printf                                0x08003f49   Thumb Code    60  usart1.o(i.u1_printf)
    u2_TxData                                0x08003f8d   Thumb Code    46  usart2.o(i.u2_TxData)
    u2_printf                                0x08003fc1   Thumb Code    60  usart2.o(i.u2_printf)
    _get_lc_numeric                          0x08004005   Thumb Code    44  lc_numeric_c.o(locale$$code)
    _get_lc_ctype                            0x08004031   Thumb Code    44  lc_ctype_c.o(locale$$code)
    _printf_fp_dec                           0x0800405d   Thumb Code     4  printf1.o(x$fpl$printf1)
    F8X16                                    0x08004060   Data        1520  oled.o(.constdata)
    __I$use$fp                               0x08004060   Number         0  usenofp.o(x$fpl$usenofp)
    Region$$Table$$Base                      0x08004760   Number         0  anon$$obj.o(Region$$Table)
    Region$$Table$$Limit                     0x08004780   Number         0  anon$$obj.o(Region$$Table)
    __ctype                                  0x080047a9   Data           0  lc_ctype_c.o(locale$$data)
    cmdLED_On                                0x20000000   Data           4  main.o(.data)
    cmdLED_Off                               0x20000004   Data           4  main.o(.data)
    cmdDHT11_On                              0x20000008   Data           4  main.o(.data)
    cmdDHT11_Off                             0x2000000c   Data           4  main.o(.data)
    SystemCoreClock                          0x20000010   Data           4  system_stm32f10x.o(.data)
    AHBPrescTable                            0x20000014   Data          16  system_stm32f10x.o(.data)
    pingFlag                                 0x2000003c   Data           1  mqtt.o(.data)
    connectPackFlag                          0x2000003d   Data           1  mqtt.o(.data)
    subcribePackFlag                         0x2000003e   Data           1  mqtt.o(.data)
    MQTT_RxDataInPtr                         0x20000040   Data           4  mqtt.o(.data)
    MQTT_RxDataOutPtr                        0x20000044   Data           4  mqtt.o(.data)
    MQTT_RxDataEndPtr                        0x20000048   Data           4  mqtt.o(.data)
    MQTT_TxDataInPtr                         0x2000004c   Data           4  mqtt.o(.data)
    MQTT_TxDataOutPtr                        0x20000050   Data           4  mqtt.o(.data)
    MQTT_TxDataEndPtr                        0x20000054   Data           4  mqtt.o(.data)
    MQTT_CMDInPtr                            0x20000058   Data           4  mqtt.o(.data)
    MQTT_CMDOutPtr                           0x2000005c   Data           4  mqtt.o(.data)
    MQTT_CMDEndPtr                           0x20000060   Data           4  mqtt.o(.data)
    ClientID_len                             0x20000064   Data           4  mqtt.o(.data)
    Username_len                             0x20000068   Data           4  mqtt.o(.data)
    Passward_len                             0x2000006c   Data           4  mqtt.o(.data)
    ServerPort                               0x20000070   Data           4  mqtt.o(.data)
    Fixed_len                                0x20000074   Data           4  mqtt.o(.data)
    Variable_len                             0x20000078   Data           4  mqtt.o(.data)
    Payload_len                              0x2000007c   Data           4  mqtt.o(.data)
    connectFlag                              0x20000080   Data           1  mqtt.o(.data)
    wifi_mode                                0x2000008c   Data           1  wifi.o(.data)
    Usart2_RxCounter                         0x20000090   Data           4  usart2.o(.data)
    Hzk                                      0x20000094   Data         665  oled.o(.data)
    MQTT_RxDataBuf                           0x20000330   Data        1500  mqtt.o(.bss)
    MQTT_TxDataBuf                           0x2000090c   Data        1500  mqtt.o(.bss)
    MQTT_CMDBuf                              0x20000ee8   Data        1500  mqtt.o(.bss)
    ClientID                                 0x200014c4   Data         128  mqtt.o(.bss)
    Username                                 0x20001544   Data         128  mqtt.o(.bss)
    Passward                                 0x200015c4   Data         128  mqtt.o(.bss)
    ServerIP                                 0x20001644   Data         128  mqtt.o(.bss)
    temp_buff                                0x200016c4   Data         300  mqtt.o(.bss)
    Usart1_TxBuff                            0x20001858   Data         256  usart1.o(.bss)
    Usart2_RxBuff                            0x20001958   Data        1024  usart2.o(.bss)
    USART2_TxBuff                            0x20001d58   Data        1024  usart2.o(.bss)
    __libspace_start                         0x20002158   Data          96  libspace.o(.bss)
    __temporary_stack_top$libspace           0x200021b8   Data           0  libspace.o(.bss)



==============================================================================

Memory Map of the image

  Image Entry point : 0x08000275

  Load Region LR_1 (Base: 0x08000000, Size: 0x00004bdc, Max: 0xffffffff, ABSOLUTE, COMPRESSED[0x00004af0])

    Execution Region ER_RO (Exec base: 0x08000000, Load base: 0x08000000, Size: 0x000048ac, Max: 0xffffffff, ABSOLUTE)

    Exec Addr    Load Addr    Size         Type   Attr      Idx    E Section Name        Object

    0x08000000   0x08000000   0x000000ec   Data   RO          294    RESET               startup_stm32f10x_md.o
    0x080000ec   0x080000ec   0x00000008   Code   RO         1954  * !!!main             c_w.l(__main.o)
    0x080000f4   0x080000f4   0x00000034   Code   RO         2241    !!!scatter          c_w.l(__scatter.o)
    0x08000128   0x08000128   0x0000005a   Code   RO         2239    !!dczerorl2         c_w.l(__dczerorl2.o)
    0x08000182   0x08000182   0x00000002   PAD
    0x08000184   0x08000184   0x0000001c   Code   RO         2243    !!handler_zi        c_w.l(__scatter_zi.o)
    0x080001a0   0x080001a0   0x00000000   Code   RO         1941    .ARM.Collect$$_printf_percent$$00000000  c_w.l(_printf_percent.o)
    0x080001a0   0x080001a0   0x00000006   Code   RO         2006    .ARM.Collect$$_printf_percent$$00000001  c_w.l(_printf_n.o)
    0x080001a6   0x080001a6   0x00000006   Code   RO         2008    .ARM.Collect$$_printf_percent$$00000002  c_w.l(_printf_p.o)
    0x080001ac   0x080001ac   0x00000006   Code   RO         2012    .ARM.Collect$$_printf_percent$$00000003  c_w.l(_printf_f.o)
    0x080001b2   0x080001b2   0x00000006   Code   RO         2013    .ARM.Collect$$_printf_percent$$00000004  c_w.l(_printf_e.o)
    0x080001b8   0x080001b8   0x00000006   Code   RO         2014    .ARM.Collect$$_printf_percent$$00000005  c_w.l(_printf_g.o)
    0x080001be   0x080001be   0x00000006   Code   RO         2015    .ARM.Collect$$_printf_percent$$00000006  c_w.l(_printf_a.o)
    0x080001c4   0x080001c4   0x0000000a   Code   RO         2020    .ARM.Collect$$_printf_percent$$00000007  c_w.l(_printf_ll.o)
    0x080001ce   0x080001ce   0x00000006   Code   RO         2010    .ARM.Collect$$_printf_percent$$00000008  c_w.l(_printf_i.o)
    0x080001d4   0x080001d4   0x00000006   Code   RO         1940    .ARM.Collect$$_printf_percent$$00000009  c_w.l(_printf_d.o)
    0x080001da   0x080001da   0x00000006   Code   RO         2011    .ARM.Collect$$_printf_percent$$0000000A  c_w.l(_printf_u.o)
    0x080001e0   0x080001e0   0x00000006   Code   RO         2009    .ARM.Collect$$_printf_percent$$0000000B  c_w.l(_printf_o.o)
    0x080001e6   0x080001e6   0x00000006   Code   RO         2007    .ARM.Collect$$_printf_percent$$0000000C  c_w.l(_printf_x.o)
    0x080001ec   0x080001ec   0x00000006   Code   RO         2017    .ARM.Collect$$_printf_percent$$0000000D  c_w.l(_printf_lli.o)
    0x080001f2   0x080001f2   0x00000006   Code   RO         2018    .ARM.Collect$$_printf_percent$$0000000E  c_w.l(_printf_lld.o)
    0x080001f8   0x080001f8   0x00000006   Code   RO         2019    .ARM.Collect$$_printf_percent$$0000000F  c_w.l(_printf_llu.o)
    0x080001fe   0x080001fe   0x00000006   Code   RO         2024    .ARM.Collect$$_printf_percent$$00000010  c_w.l(_printf_llo.o)
    0x08000204   0x08000204   0x00000006   Code   RO         2025    .ARM.Collect$$_printf_percent$$00000011  c_w.l(_printf_llx.o)
    0x0800020a   0x0800020a   0x0000000a   Code   RO         2021    .ARM.Collect$$_printf_percent$$00000012  c_w.l(_printf_l.o)
    0x08000214   0x08000214   0x00000006   Code   RO         2005    .ARM.Collect$$_printf_percent$$00000013  c_w.l(_printf_c.o)
    0x0800021a   0x0800021a   0x00000006   Code   RO         1939    .ARM.Collect$$_printf_percent$$00000014  c_w.l(_printf_s.o)
    0x08000220   0x08000220   0x00000006   Code   RO         2022    .ARM.Collect$$_printf_percent$$00000015  c_w.l(_printf_lc.o)
    0x08000226   0x08000226   0x00000006   Code   RO         2023    .ARM.Collect$$_printf_percent$$00000016  c_w.l(_printf_ls.o)
    0x0800022c   0x0800022c   0x00000004   Code   RO         2016    .ARM.Collect$$_printf_percent$$00000017  c_w.l(_printf_percent_end.o)
    0x08000230   0x08000230   0x00000002   Code   RO         2103    .ARM.Collect$$libinit$$00000000  c_w.l(libinit.o)
    0x08000232   0x08000232   0x00000000   Code   RO         2120    .ARM.Collect$$libinit$$00000002  c_w.l(libinit2.o)
    0x08000232   0x08000232   0x00000000   Code   RO         2122    .ARM.Collect$$libinit$$00000004  c_w.l(libinit2.o)
    0x08000232   0x08000232   0x00000000   Code   RO         2125    .ARM.Collect$$libinit$$0000000A  c_w.l(libinit2.o)
    0x08000232   0x08000232   0x00000000   Code   RO         2127    .ARM.Collect$$libinit$$0000000C  c_w.l(libinit2.o)
    0x08000232   0x08000232   0x00000000   Code   RO         2129    .ARM.Collect$$libinit$$0000000E  c_w.l(libinit2.o)
    0x08000232   0x08000232   0x00000006   Code   RO         2130    .ARM.Collect$$libinit$$0000000F  c_w.l(libinit2.o)
    0x08000238   0x08000238   0x00000000   Code   RO         2132    .ARM.Collect$$libinit$$00000011  c_w.l(libinit2.o)
    0x08000238   0x08000238   0x0000000c   Code   RO         2133    .ARM.Collect$$libinit$$00000012  c_w.l(libinit2.o)
    0x08000244   0x08000244   0x00000000   Code   RO         2134    .ARM.Collect$$libinit$$00000013  c_w.l(libinit2.o)
    0x08000244   0x08000244   0x00000000   Code   RO         2136    .ARM.Collect$$libinit$$00000015  c_w.l(libinit2.o)
    0x08000244   0x08000244   0x0000000a   Code   RO         2137    .ARM.Collect$$libinit$$00000016  c_w.l(libinit2.o)
    0x0800024e   0x0800024e   0x00000000   Code   RO         2138    .ARM.Collect$$libinit$$00000017  c_w.l(libinit2.o)
    0x0800024e   0x0800024e   0x00000000   Code   RO         2140    .ARM.Collect$$libinit$$00000019  c_w.l(libinit2.o)
    0x0800024e   0x0800024e   0x00000000   Code   RO         2142    .ARM.Collect$$libinit$$0000001B  c_w.l(libinit2.o)
    0x0800024e   0x0800024e   0x00000000   Code   RO         2144    .ARM.Collect$$libinit$$0000001D  c_w.l(libinit2.o)
    0x0800024e   0x0800024e   0x00000000   Code   RO         2146    .ARM.Collect$$libinit$$0000001F  c_w.l(libinit2.o)
    0x0800024e   0x0800024e   0x00000000   Code   RO         2148    .ARM.Collect$$libinit$$00000021  c_w.l(libinit2.o)
    0x0800024e   0x0800024e   0x00000000   Code   RO         2150    .ARM.Collect$$libinit$$00000023  c_w.l(libinit2.o)
    0x0800024e   0x0800024e   0x00000000   Code   RO         2152    .ARM.Collect$$libinit$$00000025  c_w.l(libinit2.o)
    0x0800024e   0x0800024e   0x00000000   Code   RO         2156    .ARM.Collect$$libinit$$0000002C  c_w.l(libinit2.o)
    0x0800024e   0x0800024e   0x00000000   Code   RO         2158    .ARM.Collect$$libinit$$0000002E  c_w.l(libinit2.o)
    0x0800024e   0x0800024e   0x00000000   Code   RO         2160    .ARM.Collect$$libinit$$00000030  c_w.l(libinit2.o)
    0x0800024e   0x0800024e   0x00000000   Code   RO         2162    .ARM.Collect$$libinit$$00000032  c_w.l(libinit2.o)
    0x0800024e   0x0800024e   0x00000002   Code   RO         2163    .ARM.Collect$$libinit$$00000033  c_w.l(libinit2.o)
    0x08000250   0x08000250   0x00000002   Code   RO         2181    .ARM.Collect$$libshutdown$$00000000  c_w.l(libshutdown.o)
    0x08000252   0x08000252   0x00000000   Code   RO         2191    .ARM.Collect$$libshutdown$$00000002  c_w.l(libshutdown2.o)
    0x08000252   0x08000252   0x00000000   Code   RO         2193    .ARM.Collect$$libshutdown$$00000004  c_w.l(libshutdown2.o)
    0x08000252   0x08000252   0x00000000   Code   RO         2196    .ARM.Collect$$libshutdown$$00000007  c_w.l(libshutdown2.o)
    0x08000252   0x08000252   0x00000000   Code   RO         2199    .ARM.Collect$$libshutdown$$0000000A  c_w.l(libshutdown2.o)
    0x08000252   0x08000252   0x00000000   Code   RO         2201    .ARM.Collect$$libshutdown$$0000000C  c_w.l(libshutdown2.o)
    0x08000252   0x08000252   0x00000000   Code   RO         2204    .ARM.Collect$$libshutdown$$0000000F  c_w.l(libshutdown2.o)
    0x08000252   0x08000252   0x00000002   Code   RO         2205    .ARM.Collect$$libshutdown$$00000010  c_w.l(libshutdown2.o)
    0x08000254   0x08000254   0x00000000   Code   RO         1958    .ARM.Collect$$rtentry$$00000000  c_w.l(__rtentry.o)
    0x08000254   0x08000254   0x00000000   Code   RO         2033    .ARM.Collect$$rtentry$$00000002  c_w.l(__rtentry2.o)
    0x08000254   0x08000254   0x00000006   Code   RO         2045    .ARM.Collect$$rtentry$$00000004  c_w.l(__rtentry4.o)
    0x0800025a   0x0800025a   0x00000000   Code   RO         2035    .ARM.Collect$$rtentry$$00000009  c_w.l(__rtentry2.o)
    0x0800025a   0x0800025a   0x00000004   Code   RO         2036    .ARM.Collect$$rtentry$$0000000A  c_w.l(__rtentry2.o)
    0x0800025e   0x0800025e   0x00000000   Code   RO         2038    .ARM.Collect$$rtentry$$0000000C  c_w.l(__rtentry2.o)
    0x0800025e   0x0800025e   0x00000008   Code   RO         2039    .ARM.Collect$$rtentry$$0000000D  c_w.l(__rtentry2.o)
    0x08000266   0x08000266   0x00000002   Code   RO         2112    .ARM.Collect$$rtexit$$00000000  c_w.l(rtexit.o)
    0x08000268   0x08000268   0x00000000   Code   RO         2165    .ARM.Collect$$rtexit$$00000002  c_w.l(rtexit2.o)
    0x08000268   0x08000268   0x00000004   Code   RO         2166    .ARM.Collect$$rtexit$$00000003  c_w.l(rtexit2.o)
    0x0800026c   0x0800026c   0x00000006   Code   RO         2167    .ARM.Collect$$rtexit$$00000004  c_w.l(rtexit2.o)
    0x08000272   0x08000272   0x00000002   PAD
    0x08000274   0x08000274   0x00000040   Code   RO          295  * .text               startup_stm32f10x_md.o
    0x080002b4   0x080002b4   0x00000002   Code   RO         1905    .text               c_w.l(use_no_semi_2.o)
    0x080002b6   0x080002b6   0x00000002   PAD
    0x080002b8   0x080002b8   0x00000024   Code   RO         1907    .text               c_w.l(c89vsprintf.o)
    0x080002dc   0x080002dc   0x0000002c   Code   RO         1909    .text               c_w.l(__2sprintf.o)
    0x08000308   0x08000308   0x00000052   Code   RO         1915    .text               c_w.l(_printf_str.o)
    0x0800035a   0x0800035a   0x00000002   PAD
    0x0800035c   0x0800035c   0x00000078   Code   RO         1917    .text               c_w.l(_printf_dec.o)
    0x080003d4   0x080003d4   0x00000188   Code   RO         1936    .text               c_w.l(__printf_flags_ss_wp.o)
    0x0800055c   0x0800055c   0x00000024   Code   RO         1942    .text               c_w.l(strstr.o)
    0x08000580   0x08000580   0x00000058   Code   RO         1944    .text               c_w.l(memcmp.o)
    0x080005d8   0x080005d8   0x0000003e   Code   RO         1946    .text               c_w.l(strlen.o)
    0x08000616   0x08000616   0x0000008a   Code   RO         1948    .text               c_w.l(rt_memcpy_v6.o)
    0x080006a0   0x080006a0   0x00000044   Code   RO         1950    .text               c_w.l(rt_memclr.o)
    0x080006e4   0x080006e4   0x00000006   Code   RO         1952    .text               c_w.l(heapauxi.o)
    0x080006ea   0x080006ea   0x00000002   Code   RO         1956    .text               c_w.l(use_no_semi.o)
    0x080006ec   0x080006ec   0x0000004e   Code   RO         1959    .text               c_w.l(_printf_pad.o)
    0x0800073a   0x0800073a   0x00000024   Code   RO         1961    .text               c_w.l(_printf_truncate.o)
    0x0800075e   0x0800075e   0x000000b2   Code   RO         1963    .text               c_w.l(_printf_intcommon.o)
    0x08000810   0x08000810   0x00000028   Code   RO         1965    .text               c_w.l(_printf_charcount.o)
    0x08000838   0x08000838   0x00000030   Code   RO         1967    .text               c_w.l(_printf_char_common.o)
    0x08000868   0x08000868   0x0000000a   Code   RO         1969    .text               c_w.l(_sputc.o)
    0x08000872   0x08000872   0x0000002c   Code   RO         1971    .text               c_w.l(_printf_char.o)
    0x0800089e   0x0800089e   0x00000002   PAD
    0x080008a0   0x080008a0   0x000000bc   Code   RO         1973    .text               c_w.l(_printf_wctomb.o)
    0x0800095c   0x0800095c   0x0000007c   Code   RO         1976    .text               c_w.l(_printf_longlong_dec.o)
    0x080009d8   0x080009d8   0x00000070   Code   RO         1982    .text               c_w.l(_printf_oct_int_ll.o)
    0x08000a48   0x08000a48   0x00000094   Code   RO         2002    .text               c_w.l(_printf_hex_int_ll_ptr.o)
    0x08000adc   0x08000adc   0x00000064   Code   RO         2026    .text               c_w.l(rt_memcpy_w.o)
    0x08000b40   0x08000b40   0x0000004e   Code   RO         2028    .text               c_w.l(rt_memclr_w.o)
    0x08000b8e   0x08000b8e   0x0000008a   Code   RO         2047    .text               c_w.l(lludiv10.o)
    0x08000c18   0x08000c18   0x0000041e   Code   RO         2049    .text               c_w.l(_printf_fp_dec.o)
    0x08001036   0x08001036   0x0000002c   Code   RO         2053    .text               c_w.l(_printf_wchar.o)
    0x08001062   0x08001062   0x00000040   Code   RO         2055    .text               c_w.l(_wcrtomb.o)
    0x080010a2   0x080010a2   0x0000004a   Code   RO         2057    .text               c_w.l(sys_stackheap_outer.o)
    0x080010ec   0x080010ec   0x00000010   Code   RO         2059    .text               c_w.l(rt_ctype_table.o)
    0x080010fc   0x080010fc   0x00000008   Code   RO         2064    .text               c_w.l(rt_locale_intlibspace.o)
    0x08001104   0x08001104   0x00000080   Code   RO         2066    .text               c_w.l(_printf_fp_infnan.o)
    0x08001184   0x08001184   0x000000e4   Code   RO         2068    .text               c_w.l(bigflt0.o)
    0x08001268   0x08001268   0x00000012   Code   RO         2096    .text               c_w.l(exit.o)
    0x0800127a   0x0800127a   0x00000002   PAD
    0x0800127c   0x0800127c   0x00000008   Code   RO         2109    .text               c_w.l(libspace.o)
    0x08001284   0x08001284   0x00000080   Code   RO         2117    .text               c_w.l(strcmpv7m.o)
    0x08001304   0x08001304   0x0000003e   Code   RO         2071    CL$$btod_d2e        c_w.l(btod.o)
    0x08001342   0x08001342   0x00000046   Code   RO         2073    CL$$btod_d2e_denorm_low  c_w.l(btod.o)
    0x08001388   0x08001388   0x00000060   Code   RO         2072    CL$$btod_d2e_norm_op1  c_w.l(btod.o)
    0x080013e8   0x080013e8   0x00000338   Code   RO         2081    CL$$btod_div_common  c_w.l(btod.o)
    0x08001720   0x08001720   0x000000dc   Code   RO         2078    CL$$btod_e2e        c_w.l(btod.o)
    0x080017fc   0x080017fc   0x0000002a   Code   RO         2075    CL$$btod_ediv       c_w.l(btod.o)
    0x08001826   0x08001826   0x0000002a   Code   RO         2074    CL$$btod_emul       c_w.l(btod.o)
    0x08001850   0x08001850   0x00000244   Code   RO         2080    CL$$btod_mult_common  c_w.l(btod.o)
    0x08001a94   0x08001a94   0x00000002   Code   RO          161    i.BusFault_Handler  stm32f10x_it.o
    0x08001a96   0x08001a96   0x00000002   PAD
    0x08001a98   0x08001a98   0x00000044   Code   RO         1494    i.CMDBuf_Deal       mqtt.o
    0x08001adc   0x08001adc   0x0000006c   Code   RO         1416    i.DHT11_Check       dht11.o
    0x08001b48   0x08001b48   0x00000034   Code   RO         1417    i.DHT11_Init        dht11.o
    0x08001b7c   0x08001b7c   0x00000058   Code   RO         1418    i.DHT11_Read_Bit    dht11.o
    0x08001bd4   0x08001bd4   0x0000001a   Code   RO         1419    i.DHT11_Read_Byte   dht11.o
    0x08001bee   0x08001bee   0x00000054   Code   RO         1420    i.DHT11_Read_Data   dht11.o
    0x08001c42   0x08001c42   0x00000002   PAD
    0x08001c44   0x08001c44   0x0000003c   Code   RO         1421    i.DHT11_Rst         dht11.o
    0x08001c80   0x08001c80   0x00000002   Code   RO          162    i.DebugMon_Handler  stm32f10x_it.o
    0x08001c82   0x08001c82   0x00000002   PAD
    0x08001c84   0x08001c84   0x00000034   Code   RO         1390    i.DelayMs           delay.o
    0x08001cb8   0x08001cb8   0x00000034   Code   RO         1391    i.DelayUs           delay.o
    0x08001cec   0x08001cec   0x0000003c   Code   RO         1392    i.Delay_Init        delay.o
    0x08001d28   0x08001d28   0x00000078   Code   RO         1768    i.Display_Menu      oled.o
    0x08001da0   0x08001da0   0x0000009c   Code   RO         1254    i.GPIO_Init         stm32f10x_gpio.o
    0x08001e3c   0x08001e3c   0x0000000e   Code   RO         1258    i.GPIO_ReadInputDataBit  stm32f10x_gpio.o
    0x08001e4a   0x08001e4a   0x0000000e   Code   RO         1260    i.GPIO_ReadOutputDataBit  stm32f10x_gpio.o
    0x08001e58   0x08001e58   0x00000004   Code   RO         1261    i.GPIO_ResetBits    stm32f10x_gpio.o
    0x08001e5c   0x08001e5c   0x00000004   Code   RO         1262    i.GPIO_SetBits      stm32f10x_gpio.o
    0x08001e60   0x08001e60   0x0000000a   Code   RO         1265    i.GPIO_WriteBit     stm32f10x_gpio.o
    0x08001e6a   0x08001e6a   0x00000002   Code   RO          163    i.HardFault_Handler  stm32f10x_it.o
    0x08001e6c   0x08001e6c   0x0000002c   Code   RO         1769    i.IIC_Start         oled.o
    0x08001e98   0x08001e98   0x00000024   Code   RO         1770    i.IIC_Stop          oled.o
    0x08001ebc   0x08001ebc   0x0000001c   Code   RO         1771    i.IIC_Wait_Ack      oled.o
    0x08001ed8   0x08001ed8   0x0000012c   Code   RO         1495    i.IoT_Parameter_Init  mqtt.o
    0x08002004   0x08002004   0x00000018   Code   RO         1458    i.LED_GetStatus     led.o
    0x0800201c   0x0800201c   0x00000030   Code   RO         1459    i.LED_Init          led.o
    0x0800204c   0x0800204c   0x00000010   Code   RO         1460    i.LED_Off           led.o
    0x0800205c   0x0800205c   0x00000010   Code   RO         1461    i.LED_On            led.o
    0x0800206c   0x0800206c   0x00000068   Code   RO         1496    i.MQTT_Buff_Init    mqtt.o
    0x080020d4   0x080020d4   0x00000100   Code   RO         1497    i.MQTT_ConectPack   mqtt.o
    0x080021d4   0x080021d4   0x00000100   Code   RO         1498    i.MQTT_DealPushdata_Qs0  mqtt.o
    0x080022d4   0x080022d4   0x00000014   Code   RO         1499    i.MQTT_PingREQ      mqtt.o
    0x080022e8   0x080022e8   0x000000a4   Code   RO         1500    i.MQTT_PublishQs0   mqtt.o
    0x0800238c   0x0800238c   0x00000078   Code   RO         1501    i.MQTT_Subscribe    mqtt.o
    0x08002404   0x08002404   0x00000002   Code   RO          164    i.MemManage_Handler  stm32f10x_it.o
    0x08002406   0x08002406   0x00000002   Code   RO          165    i.NMI_Handler       stm32f10x_it.o
    0x08002408   0x08002408   0x00000064   Code   RO          299    i.NVIC_Init         misc.o
    0x0800246c   0x0800246c   0x00000014   Code   RO          300    i.NVIC_PriorityGroupConfig  misc.o
    0x08002480   0x08002480   0x0000003a   Code   RO         1772    i.OLED_Clear        oled.o
    0x080024ba   0x080024ba   0x00000002   PAD
    0x080024bc   0x080024bc   0x00000130   Code   RO         1776    i.OLED_Init         oled.o
    0x080025ec   0x080025ec   0x0000002a   Code   RO         1778    i.OLED_Set_Pos      oled.o
    0x08002616   0x08002616   0x00000002   PAD
    0x08002618   0x08002618   0x0000008c   Code   RO         1779    i.OLED_ShowCHineseWord  oled.o
    0x080026a4   0x080026a4   0x00000074   Code   RO         1780    i.OLED_ShowChar     oled.o
    0x08002718   0x08002718   0x0000006a   Code   RO         1781    i.OLED_ShowNumber   oled.o
    0x08002782   0x08002782   0x0000005e   Code   RO         1782    i.OLED_ShowText     oled.o
    0x080027e0   0x080027e0   0x0000000c   Code   RO         1783    i.OLED_WR_Byte      oled.o
    0x080027ec   0x080027ec   0x00000002   Code   RO          166    i.PendSV_Handler    stm32f10x_it.o
    0x080027ee   0x080027ee   0x00000002   PAD
    0x080027f0   0x080027f0   0x00000018   Code   RO          337    i.RCC_APB1PeriphClockCmd  stm32f10x_rcc.o
    0x08002808   0x08002808   0x00000018   Code   RO          338    i.RCC_APB1PeriphResetCmd  stm32f10x_rcc.o
    0x08002820   0x08002820   0x00000018   Code   RO          339    i.RCC_APB2PeriphClockCmd  stm32f10x_rcc.o
    0x08002838   0x08002838   0x00000018   Code   RO          340    i.RCC_APB2PeriphResetCmd  stm32f10x_rcc.o
    0x08002850   0x08002850   0x00000094   Code   RO          347    i.RCC_GetClocksFreq  stm32f10x_rcc.o
    0x080028e4   0x080028e4   0x00000002   Code   RO          167    i.SVC_Handler       stm32f10x_it.o
    0x080028e6   0x080028e6   0x00000002   PAD
    0x080028e8   0x080028e8   0x000000d4   Code   RO         1573    i.Send_Data         pushdata.o
    0x080029bc   0x080029bc   0x000000a8   Code   RO          263    i.SetSysClockTo72   system_stm32f10x.o
    0x08002a64   0x08002a64   0x00000018   Code   RO          303    i.SysTick_CLKSourceConfig  misc.o
    0x08002a7c   0x08002a7c   0x00000002   Code   RO          168    i.SysTick_Handler   stm32f10x_it.o
    0x08002a7e   0x08002a7e   0x00000002   PAD
    0x08002a80   0x08002a80   0x00000050   Code   RO          265    i.SystemInit        system_stm32f10x.o
    0x08002ad0   0x08002ad0   0x00000076   Code   RO         1645    i.TIM2_ENABLE_10S   timer2.o
    0x08002b46   0x08002b46   0x00000024   Code   RO          169    i.TIM2_IRQHandler   stm32f10x_it.o
    0x08002b6a   0x08002b6a   0x00000002   PAD
    0x08002b6c   0x08002b6c   0x00000078   Code   RO         1657    i.TIM3_ENABLE_2S    timer3.o
    0x08002be4   0x08002be4   0x00000078   Code   RO         1658    i.TIM3_ENABLE_30S   timer3.o
    0x08002c5c   0x08002c5c   0x0000005c   Code   RO          170    i.TIM3_IRQHandler   stm32f10x_it.o
    0x08002cb8   0x08002cb8   0x00000084   Code   RO          171    i.TIM4_IRQHandler   stm32f10x_it.o
    0x08002d3c   0x08002d3c   0x0000006c   Code   RO         1675    i.TIM4_Init         timer4.o
    0x08002da8   0x08002da8   0x00000006   Code   RO          544    i.TIM_ClearITPendingBit  stm32f10x_tim.o
    0x08002dae   0x08002dae   0x00000014   Code   RO          549    i.TIM_Cmd           stm32f10x_tim.o
    0x08002dc2   0x08002dc2   0x00000002   PAD
    0x08002dc4   0x08002dc4   0x00000170   Code   RO          554    i.TIM_DeInit        stm32f10x_tim.o
    0x08002f34   0x08002f34   0x00000018   Code   RO          570    i.TIM_GetITStatus   stm32f10x_tim.o
    0x08002f4c   0x08002f4c   0x00000010   Code   RO          574    i.TIM_ITConfig      stm32f10x_tim.o
    0x08002f5c   0x08002f5c   0x00000004   Code   RO          614    i.TIM_SetCounter    stm32f10x_tim.o
    0x08002f60   0x08002f60   0x0000009c   Code   RO          620    i.TIM_TimeBaseInit  stm32f10x_tim.o
    0x08002ffc   0x08002ffc   0x0000003c   Code   RO         1502    i.TxDataBuf_Deal    mqtt.o
    0x08003038   0x08003038   0x00000060   Code   RO          172    i.USART2_IRQHandler  stm32f10x_it.o
    0x08003098   0x08003098   0x00000006   Code   RO         1068    i.USART_ClearFlag   stm32f10x_usart.o
    0x0800309e   0x0800309e   0x00000014   Code   RO         1072    i.USART_Cmd         stm32f10x_usart.o
    0x080030b2   0x080030b2   0x00000002   PAD
    0x080030b4   0x080030b4   0x00000074   Code   RO         1074    i.USART_DeInit      stm32f10x_usart.o
    0x08003128   0x08003128   0x0000003e   Code   RO         1076    i.USART_GetITStatus  stm32f10x_usart.o
    0x08003166   0x08003166   0x00000030   Code   RO         1078    i.USART_ITConfig    stm32f10x_usart.o
    0x08003196   0x08003196   0x00000002   PAD
    0x08003198   0x08003198   0x000000ac   Code   RO         1079    i.USART_Init        stm32f10x_usart.o
    0x08003244   0x08003244   0x00000002   Code   RO          173    i.UsageFault_Handler  stm32f10x_it.o
    0x08003246   0x08003246   0x00000002   PAD
    0x08003248   0x08003248   0x00000080   Code   RO         1690    i.Usart1_Init       usart1.o
    0x080032c8   0x080032c8   0x000000b8   Code   RO         1731    i.Usart2_Init       usart2.o
    0x08003380   0x08003380   0x000002f0   Code   RO         1588    i.WiFi_Connect_IoTServer  wifi.o
    0x08003670   0x08003670   0x00000144   Code   RO         1589    i.WiFi_Connect_Server  wifi.o
    0x080037b4   0x080037b4   0x000000a0   Code   RO         1590    i.WiFi_JoinAP       wifi.o
    0x08003854   0x08003854   0x0000006c   Code   RO         1591    i.WiFi_Reset        wifi.o
    0x080038c0   0x080038c0   0x00000034   Code   RO         1592    i.WiFi_ResetIO_Init  wifi.o
    0x080038f4   0x080038f4   0x0000006c   Code   RO         1593    i.WiFi_SendCmd      wifi.o
    0x08003960   0x08003960   0x0000004c   Code   RO         1784    i.Write_IIC_Byte    oled.o
    0x080039ac   0x080039ac   0x0000002e   Code   RO         1785    i.Write_IIC_Command  oled.o
    0x080039da   0x080039da   0x0000002e   Code   RO         1786    i.Write_IIC_Data    oled.o
    0x08003a08   0x08003a08   0x00000028   Code   RO         2107    i.__ARM_fpclassify  m_ws.l(fpclassify.o)
    0x08003a30   0x08003a30   0x0000000e   Code   RO         1929    i._is_digit         c_w.l(__printf_wp.o)
    0x08003a3e   0x08003a3e   0x00000002   Code   RO         1691    i._sys_exit         usart1.o
    0x08003a40   0x08003a40   0x000004f8   Code   RO            1    i.main              main.o
    0x08003f38   0x08003f38   0x00000010   Code   RO         1787    i.oled_pow          oled.o
    0x08003f48   0x08003f48   0x00000044   Code   RO         1693    i.u1_printf         usart1.o
    0x08003f8c   0x08003f8c   0x00000034   Code   RO         1732    i.u2_TxData         usart2.o
    0x08003fc0   0x08003fc0   0x00000044   Code   RO         1733    i.u2_printf         usart2.o
    0x08004004   0x08004004   0x0000002c   Code   RO         2094    locale$$code        c_w.l(lc_numeric_c.o)
    0x08004030   0x08004030   0x0000002c   Code   RO         2115    locale$$code        c_w.l(lc_ctype_c.o)
    0x0800405c   0x0800405c   0x00000004   Code   RO         2030    x$fpl$printf1       fz_ws.l(printf1.o)
    0x08004060   0x08004060   0x00000000   Code   RO         2106    x$fpl$usenofp       fz_ws.l(usenofp.o)
    0x08004060   0x08004060   0x000005f0   Data   RO         1789    .constdata          oled.o
    0x08004650   0x08004650   0x00000011   Data   RO         1937    .constdata          c_w.l(__printf_flags_ss_wp.o)
    0x08004661   0x08004661   0x00000003   PAD
    0x08004664   0x08004664   0x00000008   Data   RO         1974    .constdata          c_w.l(_printf_wctomb.o)
    0x0800466c   0x0800466c   0x00000028   Data   RO         2003    .constdata          c_w.l(_printf_hex_int_ll_ptr.o)
    0x08004694   0x08004694   0x00000094   Data   RO         2069    .constdata          c_w.l(bigflt0.o)
    0x08004728   0x08004728   0x00000035   Data   RO            2    .conststring        main.o
    0x0800475d   0x0800475d   0x00000003   PAD
    0x08004760   0x08004760   0x00000020   Data   RO         2237    Region$$Table       anon$$obj.o
    0x08004780   0x08004780   0x0000001c   Data   RO         2093    locale$$data        c_w.l(lc_numeric_c.o)
    0x0800479c   0x0800479c   0x00000110   Data   RO         2114    locale$$data        c_w.l(lc_ctype_c.o)


    Execution Region ER_RW (Exec base: 0x20000000, Load base: 0x080048ac, Size: 0x00000330, Max: 0xffffffff, ABSOLUTE, COMPRESSED[0x00000244])

    Exec Addr    Load Addr    Size         Type   Attr      Idx    E Section Name        Object

    0x20000000   COMPRESSED   0x00000010   Data   RW            3    .data               main.o
    0x20000010   COMPRESSED   0x00000014   Data   RW          266    .data               system_stm32f10x.o
    0x20000024   COMPRESSED   0x00000014   Data   RW          367    .data               stm32f10x_rcc.o
    0x20000038   COMPRESSED   0x00000004   Data   RW         1393    .data               delay.o
    0x2000003c   COMPRESSED   0x00000044   Data   RW         1504    .data               mqtt.o
    0x20000080   COMPRESSED   0x00000001   Data   RW         1505    .data               mqtt.o
    0x20000081   COMPRESSED   0x00000003   PAD
    0x20000084   COMPRESSED   0x00000008   Data   RW         1575    .data               pushdata.o
    0x2000008c   COMPRESSED   0x00000001   Data   RW         1596    .data               wifi.o
    0x2000008d   COMPRESSED   0x00000003   PAD
    0x20000090   COMPRESSED   0x00000004   Data   RW         1737    .data               usart2.o
    0x20000094   COMPRESSED   0x00000299   Data   RW         1790    .data               oled.o


    Execution Region ER_ZI (Exec base: 0x20000330, Load base: 0x08004af0, Size: 0x00002488, Max: 0xffffffff, ABSOLUTE)

    Exec Addr    Load Addr    Size         Type   Attr      Idx    E Section Name        Object

    0x20000330        -       0x000014c0   Zero   RW         1503    .bss                mqtt.o
    0x200017f0        -       0x00000064   Zero   RW         1574    .bss                pushdata.o
    0x20001854   0x08004af0   0x00000004   PAD
    0x20001858        -       0x00000100   Zero   RW         1694    .bss                usart1.o
    0x20001958        -       0x00000400   Zero   RW         1734    .bss                usart2.o
    0x20001d58        -       0x00000400   Zero   RW         1735    .bss                usart2.o
    0x20002158        -       0x00000060   Zero   RW         2110    .bss                c_w.l(libspace.o)
    0x200021b8        -       0x00000200   Zero   RW          293    HEAP                startup_stm32f10x_md.o
    0x200023b8        -       0x00000400   Zero   RW          292    STACK               startup_stm32f10x_md.o


==============================================================================

Image component sizes


      Code (inc. data)   RO Data    RW Data    ZI Data      Debug   Object Name

         0          0          0          0          0         32   core_cm3.o
       164         26          0          4          0       1589   delay.o
       418         20          0          0          0       3800   dht11.o
       104         20          0          0          0       2030   led.o
      1272        628         53         16          0     252655   main.o
       144         16          0          0          0       1877   misc.o
      1348        274          0         69       5312       7560   mqtt.o
      1284         96       1520        665          0      10641   oled.o
       212         66          0          8        100       1312   pushdata.o
        64         26        236          0       1536        768   startup_stm32f10x_md.o
       202          0          0          0          0       4593   stm32f10x_gpio.o
       374         66          0          0          0       5360   stm32f10x_it.o
       244         40          0         20          0       5332   stm32f10x_rcc.o
       594        106          0          0          0       5563   stm32f10x_tim.o
       424         26          0          0          0       5511   stm32f10x_usart.o
       248         24          0         20          0       1689   system_stm32f10x.o
       118          0          0          0          0        558   timer2.o
       240         10          0          0          0       1111   timer3.o
       108          4          0          0          0        656   timer4.o
       198         16          0          0        256       4054   usart1.o
       304         22          0          4       2048       2608   usart2.o
      1504        798          0          1          0       4093   wifi.o

    ----------------------------------------------------------------------
      9594       2284       1844        816       9256     323392   Object Totals
         0          0         32          0          0          0   (incl. Generated)
        26          0          3          9          4          0   (incl. Padding)

    ----------------------------------------------------------------------

      Code (inc. data)   RO Data    RW Data    ZI Data      Debug   Library Member Name

        44          6          0          0          0         84   __2sprintf.o
        90          0          0          0          0          0   __dczerorl2.o
         8          0          0          0          0         68   __main.o
       392          4         17          0          0         92   __printf_flags_ss_wp.o
        14          0          0          0          0         68   __printf_wp.o
         0          0          0          0          0          0   __rtentry.o
        12          0          0          0          0          0   __rtentry2.o
         6          0          0          0          0          0   __rtentry4.o
        52          8          0          0          0          0   __scatter.o
        28          0          0          0          0          0   __scatter_zi.o
         6          0          0          0          0          0   _printf_a.o
         6          0          0          0          0          0   _printf_c.o
        44          0          0          0          0        108   _printf_char.o
        48          6          0          0          0         96   _printf_char_common.o
        40          0          0          0          0         68   _printf_charcount.o
         6          0          0          0          0          0   _printf_d.o
       120         16          0          0          0         92   _printf_dec.o
         6          0          0          0          0          0   _printf_e.o
         6          0          0          0          0          0   _printf_f.o
      1054          0          0          0          0        216   _printf_fp_dec.o
       128         16          0          0          0         84   _printf_fp_infnan.o
         6          0          0          0          0          0   _printf_g.o
       148          4         40          0          0        160   _printf_hex_int_ll_ptr.o
         6          0          0          0          0          0   _printf_i.o
       178          0          0          0          0         88   _printf_intcommon.o
        10          0          0          0          0          0   _printf_l.o
         6          0          0          0          0          0   _printf_lc.o
        10          0          0          0          0          0   _printf_ll.o
         6          0          0          0          0          0   _printf_lld.o
         6          0          0          0          0          0   _printf_lli.o
         6          0          0          0          0          0   _printf_llo.o
         6          0          0          0          0          0   _printf_llu.o
         6          0          0          0          0          0   _printf_llx.o
       124         16          0          0          0         92   _printf_longlong_dec.o
         6          0          0          0          0          0   _printf_ls.o
         6          0          0          0          0          0   _printf_n.o
         6          0          0          0          0          0   _printf_o.o
       112         10          0          0          0        124   _printf_oct_int_ll.o
         6          0          0          0          0          0   _printf_p.o
        78          0          0          0          0        108   _printf_pad.o
         0          0          0          0          0          0   _printf_percent.o
         4          0          0          0          0          0   _printf_percent_end.o
         6          0          0          0          0          0   _printf_s.o
        82          0          0          0          0         80   _printf_str.o
        36          0          0          0          0         84   _printf_truncate.o
         6          0          0          0          0          0   _printf_u.o
        44          0          0          0          0        108   _printf_wchar.o
       188          6          8          0          0         92   _printf_wctomb.o
         6          0          0          0          0          0   _printf_x.o
        10          0          0          0          0         68   _sputc.o
        64          0          0          0          0         92   _wcrtomb.o
       228          4        148          0          0         96   bigflt0.o
      1936        128          0          0          0        672   btod.o
        36          4          0          0          0         76   c89vsprintf.o
        18          0          0          0          0         80   exit.o
         6          0          0          0          0        152   heapauxi.o
        44         10        272          0          0         76   lc_ctype_c.o
        44         10         28          0          0         76   lc_numeric_c.o
         2          0          0          0          0          0   libinit.o
        30          0          0          0          0          0   libinit2.o
         2          0          0          0          0          0   libshutdown.o
         2          0          0          0          0          0   libshutdown2.o
         8          4          0          0         96         68   libspace.o
       138          0          0          0          0         80   lludiv10.o
        88          0          0          0          0         76   memcmp.o
        16          4          0          0          0         76   rt_ctype_table.o
         8          4          0          0          0         68   rt_locale_intlibspace.o
        68          0          0          0          0         68   rt_memclr.o
        78          0          0          0          0         80   rt_memclr_w.o
       138          0          0          0          0         68   rt_memcpy_v6.o
       100          0          0          0          0         80   rt_memcpy_w.o
         2          0          0          0          0          0   rtexit.o
        10          0          0          0          0          0   rtexit2.o
       128          0          0          0          0         68   strcmpv7m.o
        62          0          0          0          0         76   strlen.o
        36          0          0          0          0         80   strstr.o
        74          0          0          0          0         80   sys_stackheap_outer.o
         2          0          0          0          0         68   use_no_semi.o
         2          0          0          0          0         68   use_no_semi_2.o
         4          0          0          0          0         68   printf1.o
         0          0          0          0          0          0   usenofp.o
        40          0          0          0          0         68   fpclassify.o

    ----------------------------------------------------------------------
      6650        260        516          0         96       4540   Library Totals
        12          0          3          0          0          0   (incl. Padding)

    ----------------------------------------------------------------------

      Code (inc. data)   RO Data    RW Data    ZI Data      Debug   Library Name

      6594        260        513          0         96       4404   c_w.l
         4          0          0          0          0         68   fz_ws.l
        40          0          0          0          0         68   m_ws.l

    ----------------------------------------------------------------------
      6650        260        516          0         96       4540   Library Totals

    ----------------------------------------------------------------------

==============================================================================


      Code (inc. data)   RO Data    RW Data    ZI Data      Debug   

     16244       2544       2360        816       9352     320544   Grand Totals
     16244       2544       2360        580       9352     320544   ELF Image Totals (compressed)
     16244       2544       2360        580          0          0   ROM Totals

==============================================================================

    Total RO  Size (Code + RO Data)                18604 (  18.17kB)
    Total RW  Size (RW Data + ZI Data)             10168 (   9.93kB)
    Total ROM Size (Code + RO Data + RW Data)      19184 (  18.73kB)

==============================================================================

